Archive member included to satisfy reference by file (symbol)

c:/users/bartosz/.p2/pool/plugins/fr.ac6.mcu.externaltools.arm-none.win32_1.13.1.201701200843/tools/compiler/bin/../lib/gcc/arm-none-eabi/5.4.1/../../../../arm-none-eabi/lib/armv7e-m/fpu\libc_nano.a(lib_a-exit.o)
                              c:/users/bartosz/.p2/pool/plugins/fr.ac6.mcu.externaltools.arm-none.win32_1.13.1.201701200843/tools/compiler/bin/../lib/gcc/arm-none-eabi/5.4.1/../../../../arm-none-eabi/lib/armv7e-m/fpu/crt0.o (exit)
c:/users/bartosz/.p2/pool/plugins/fr.ac6.mcu.externaltools.arm-none.win32_1.13.1.201701200843/tools/compiler/bin/../lib/gcc/arm-none-eabi/5.4.1/../../../../arm-none-eabi/lib/armv7e-m/fpu\libc_nano.a(lib_a-impure.o)
                              c:/users/bartosz/.p2/pool/plugins/fr.ac6.mcu.externaltools.arm-none.win32_1.13.1.201701200843/tools/compiler/bin/../lib/gcc/arm-none-eabi/5.4.1/../../../../arm-none-eabi/lib/armv7e-m/fpu\libc_nano.a(lib_a-exit.o) (_global_impure_ptr)
c:/users/bartosz/.p2/pool/plugins/fr.ac6.mcu.externaltools.arm-none.win32_1.13.1.201701200843/tools/compiler/bin/../lib/gcc/arm-none-eabi/5.4.1/../../../../arm-none-eabi/lib/armv7e-m/fpu\libc_nano.a(lib_a-init.o)
                              c:/users/bartosz/.p2/pool/plugins/fr.ac6.mcu.externaltools.arm-none.win32_1.13.1.201701200843/tools/compiler/bin/../lib/gcc/arm-none-eabi/5.4.1/../../../../arm-none-eabi/lib/armv7e-m/fpu/crt0.o (__libc_init_array)
c:/users/bartosz/.p2/pool/plugins/fr.ac6.mcu.externaltools.arm-none.win32_1.13.1.201701200843/tools/compiler/bin/../lib/gcc/arm-none-eabi/5.4.1/../../../../arm-none-eabi/lib/armv7e-m/fpu\libc_nano.a(lib_a-memset.o)
                              c:/users/bartosz/.p2/pool/plugins/fr.ac6.mcu.externaltools.arm-none.win32_1.13.1.201701200843/tools/compiler/bin/../lib/gcc/arm-none-eabi/5.4.1/../../../../arm-none-eabi/lib/armv7e-m/fpu/crt0.o (memset)
c:/users/bartosz/.p2/pool/plugins/fr.ac6.mcu.externaltools.arm-none.win32_1.13.1.201701200843/tools/compiler/bin/../lib/gcc/arm-none-eabi/5.4.1/../../../../arm-none-eabi/lib/armv7e-m/fpu\libnosys.a(_exit.o)
                              c:/users/bartosz/.p2/pool/plugins/fr.ac6.mcu.externaltools.arm-none.win32_1.13.1.201701200843/tools/compiler/bin/../lib/gcc/arm-none-eabi/5.4.1/../../../../arm-none-eabi/lib/armv7e-m/fpu\libc_nano.a(lib_a-exit.o) (_exit)

Allocating common symbols
Common symbol       size              file

uwTick              0x4               Drivers/STM32F4xx_HAL_Driver/stm32f4xx_hal.o
pFlash              0x20              Drivers/STM32F4xx_HAL_Driver/stm32f4xx_hal_flash.o

Discarded input sections

 .text          0x00000000        0x0 c:/users/bartosz/.p2/pool/plugins/fr.ac6.mcu.externaltools.arm-none.win32_1.13.1.201701200843/tools/compiler/bin/../lib/gcc/arm-none-eabi/5.4.1/armv7e-m/fpu/crti.o
 .data          0x00000000        0x0 c:/users/bartosz/.p2/pool/plugins/fr.ac6.mcu.externaltools.arm-none.win32_1.13.1.201701200843/tools/compiler/bin/../lib/gcc/arm-none-eabi/5.4.1/armv7e-m/fpu/crti.o
 .bss           0x00000000        0x0 c:/users/bartosz/.p2/pool/plugins/fr.ac6.mcu.externaltools.arm-none.win32_1.13.1.201701200843/tools/compiler/bin/../lib/gcc/arm-none-eabi/5.4.1/armv7e-m/fpu/crti.o
 .data          0x00000000        0x4 c:/users/bartosz/.p2/pool/plugins/fr.ac6.mcu.externaltools.arm-none.win32_1.13.1.201701200843/tools/compiler/bin/../lib/gcc/arm-none-eabi/5.4.1/armv7e-m/fpu/crtbegin.o
 .text          0x00000000       0x74 c:/users/bartosz/.p2/pool/plugins/fr.ac6.mcu.externaltools.arm-none.win32_1.13.1.201701200843/tools/compiler/bin/../lib/gcc/arm-none-eabi/5.4.1/../../../../arm-none-eabi/lib/armv7e-m/fpu/crt0.o
 .data          0x00000000        0x0 c:/users/bartosz/.p2/pool/plugins/fr.ac6.mcu.externaltools.arm-none.win32_1.13.1.201701200843/tools/compiler/bin/../lib/gcc/arm-none-eabi/5.4.1/../../../../arm-none-eabi/lib/armv7e-m/fpu/crt0.o
 .bss           0x00000000        0x0 c:/users/bartosz/.p2/pool/plugins/fr.ac6.mcu.externaltools.arm-none.win32_1.13.1.201701200843/tools/compiler/bin/../lib/gcc/arm-none-eabi/5.4.1/../../../../arm-none-eabi/lib/armv7e-m/fpu/crt0.o
 .ARM.extab     0x00000000        0x0 c:/users/bartosz/.p2/pool/plugins/fr.ac6.mcu.externaltools.arm-none.win32_1.13.1.201701200843/tools/compiler/bin/../lib/gcc/arm-none-eabi/5.4.1/../../../../arm-none-eabi/lib/armv7e-m/fpu/crt0.o
 .ARM.exidx     0x00000000        0x8 c:/users/bartosz/.p2/pool/plugins/fr.ac6.mcu.externaltools.arm-none.win32_1.13.1.201701200843/tools/compiler/bin/../lib/gcc/arm-none-eabi/5.4.1/../../../../arm-none-eabi/lib/armv7e-m/fpu/crt0.o
 .ARM.attributes
                0x00000000       0x20 c:/users/bartosz/.p2/pool/plugins/fr.ac6.mcu.externaltools.arm-none.win32_1.13.1.201701200843/tools/compiler/bin/../lib/gcc/arm-none-eabi/5.4.1/../../../../arm-none-eabi/lib/armv7e-m/fpu/crt0.o
 .text          0x00000000       0x14 Application/SW4STM32/startup_stm32f411xe.o
[...]
Memory Configuration

Name             Origin             Length             Attributes
RAM              0x20000000         0x00020000         xrw
FLASH            0x08000000         0x00080000         xr
*default*        0x00000000         0xffffffff

Linker script and memory map

LOAD c:/users/bartosz/.p2/pool/plugins/fr.ac6.mcu.externaltools.arm-none.win32_1.13.1.201701200843/tools/compiler/bin/../lib/gcc/arm-none-eabi/5.4.1/armv7e-m/fpu/crti.o
LOAD c:/users/bartosz/.p2/pool/plugins/fr.ac6.mcu.externaltools.arm-none.win32_1.13.1.201701200843/tools/compiler/bin/../lib/gcc/arm-none-eabi/5.4.1/armv7e-m/fpu/crtbegin.o
LOAD c:/users/bartosz/.p2/pool/plugins/fr.ac6.mcu.externaltools.arm-none.win32_1.13.1.201701200843/tools/compiler/bin/../lib/gcc/arm-none-eabi/5.4.1/../../../../arm-none-eabi/lib/armv7e-m/fpu/crt0.o
LOAD c:/users/bartosz/.p2/pool/plugins/fr.ac6.mcu.externaltools.arm-none.win32_1.13.1.201701200843/tools/compiler/bin/../lib/gcc/arm-none-eabi/5.4.1/../../../../arm-none-eabi/lib/armv7e-m/fpu\libm.a
LOAD Application/SW4STM32/startup_stm32f411xe.o
LOAD Application/User/main.o
LOAD Application/User/stm32f4xx_hal_msp.o
LOAD Application/User/stm32f4xx_it.o
LOAD Drivers/CMSIS/system_stm32f4xx.o
LOAD Drivers/STM32F4xx_HAL_Driver/stm32f4xx_hal.o
LOAD Drivers/STM32F4xx_HAL_Driver/stm32f4xx_hal_cortex.o
LOAD Drivers/STM32F4xx_HAL_Driver/stm32f4xx_hal_dma.o
LOAD Drivers/STM32F4xx_HAL_Driver/stm32f4xx_hal_dma_ex.o
LOAD Drivers/STM32F4xx_HAL_Driver/stm32f4xx_hal_flash.o
LOAD Drivers/STM32F4xx_HAL_Driver/stm32f4xx_hal_flash_ex.o
LOAD Drivers/STM32F4xx_HAL_Driver/stm32f4xx_hal_flash_ramfunc.o
LOAD Drivers/STM32F4xx_HAL_Driver/stm32f4xx_hal_gpio.o
LOAD Drivers/STM32F4xx_HAL_Driver/stm32f4xx_hal_pwr.o
LOAD Drivers/STM32F4xx_HAL_Driver/stm32f4xx_hal_pwr_ex.o
LOAD Drivers/STM32F4xx_HAL_Driver/stm32f4xx_hal_rcc.o
LOAD Drivers/STM32F4xx_HAL_Driver/stm32f4xx_hal_rcc_ex.o
LOAD Drivers/STM32F4xx_HAL_Driver/stm32f4xx_hal_tim.o
LOAD Drivers/STM32F4xx_HAL_Driver/stm32f4xx_hal_tim_ex.o
START GROUP
LOAD c:/users/bartosz/.p2/pool/plugins/fr.ac6.mcu.externaltools.arm-none.win32_1.13.1.201701200843/tools/compiler/bin/../lib/gcc/arm-none-eabi/5.4.1/armv7e-m/fpu\libgcc.a
LOAD c:/users/bartosz/.p2/pool/plugins/fr.ac6.mcu.externaltools.arm-none.win32_1.13.1.201701200843/tools/compiler/bin/../lib/gcc/arm-none-eabi/5.4.1/../../../../arm-none-eabi/lib/armv7e-m/fpu\libc_nano.a
END GROUP
START GROUP
LOAD c:/users/bartosz/.p2/pool/plugins/fr.ac6.mcu.externaltools.arm-none.win32_1.13.1.201701200843/tools/compiler/bin/../lib/gcc/arm-none-eabi/5.4.1/armv7e-m/fpu\libgcc.a
LOAD c:/users/bartosz/.p2/pool/plugins/fr.ac6.mcu.externaltools.arm-none.win32_1.13.1.201701200843/tools/compiler/bin/../lib/gcc/arm-none-eabi/5.4.1/../../../../arm-none-eabi/lib/armv7e-m/fpu\libc_nano.a
LOAD c:/users/bartosz/.p2/pool/plugins/fr.ac6.mcu.externaltools.arm-none.win32_1.13.1.201701200843/tools/compiler/bin/../lib/gcc/arm-none-eabi/5.4.1/../../../../arm-none-eabi/lib/armv7e-m/fpu\libnosys.a
END GROUP
START GROUP
LOAD c:/users/bartosz/.p2/pool/plugins/fr.ac6.mcu.externaltools.arm-none.win32_1.13.1.201701200843/tools/compiler/bin/../lib/gcc/arm-none-eabi/5.4.1/armv7e-m/fpu\libgcc.a
LOAD c:/users/bartosz/.p2/pool/plugins/fr.ac6.mcu.externaltools.arm-none.win32_1.13.1.201701200843/tools/compiler/bin/../lib/gcc/arm-none-eabi/5.4.1/../../../../arm-none-eabi/lib/armv7e-m/fpu\libc_nano.a
LOAD c:/users/bartosz/.p2/pool/plugins/fr.ac6.mcu.externaltools.arm-none.win32_1.13.1.201701200843/tools/compiler/bin/../lib/gcc/arm-none-eabi/5.4.1/../../../../arm-none-eabi/lib/armv7e-m/fpu\libnosys.a
END GROUP
LOAD c:/users/bartosz/.p2/pool/plugins/fr.ac6.mcu.externaltools.arm-none.win32_1.13.1.201701200843/tools/compiler/bin/../lib/gcc/arm-none-eabi/5.4.1/armv7e-m/fpu/crtend.o
LOAD c:/users/bartosz/.p2/pool/plugins/fr.ac6.mcu.externaltools.arm-none.win32_1.13.1.201701200843/tools/compiler/bin/../lib/gcc/arm-none-eabi/5.4.1/armv7e-m/fpu/crtn.o
                0x20020000                _estack = 0x20020000
                0x00000200                _Min_Heap_Size = 0x200
                0x00000400                _Min_Stack_Size = 0x400

.isr_vector     0x08000000      0x198
                0x08000000                . = ALIGN (0x4)
 *(.isr_vector)
 .isr_vector    0x08000000      0x198 Application/SW4STM32/startup_stm32f411xe.o
                0x08000000                g_pfnVectors
                0x08000198                . = ALIGN (0x4)

.text           0x08000198      0xb54
                0x08000198                . = ALIGN (0x4)
 *(.text)
 .text          0x08000198       0x5c c:/users/bartosz/.p2/pool/plugins/fr.ac6.mcu.externaltools.arm-none.win32_1.13.1.201701200843/tools/compiler/bin/../lib/gcc/arm-none-eabi/5.4.1/armv7e-m/fpu/crtbegin.o
 *(.text*)
 .text.Reset_Handler
                0x080001f4       0x50 Application/SW4STM32/startup_stm32f411xe.o
                0x080001f4                Reset_Handler
 .text.Default_Handler
                0x08000244        0x2 Application/SW4STM32/startup_stm32f411xe.o
                0x08000244                RTC_Alarm_IRQHandler
                0x08000244                EXTI2_IRQHandler
                0x08000244                SPI4_IRQHandler
                0x08000244                TIM1_CC_IRQHandler
                0x08000244                DMA2_Stream5_IRQHandler
                0x08000244                DMA1_Stream5_IRQHandler
                0x08000244                PVD_IRQHandler
                0x08000244                SDIO_IRQHandler
                0x08000244                TAMP_STAMP_IRQHandler
                0x08000244                EXTI3_IRQHandler
                0x08000244                TIM1_UP_TIM10_IRQHandler
                0x08000244                I2C3_ER_IRQHandler
                0x08000244                I2C2_EV_IRQHandler
                0x08000244                DMA1_Stream2_IRQHandler
                0x08000244                FPU_IRQHandler
                0x08000244                DMA2_Stream2_IRQHandler
                0x08000244                SPI1_IRQHandler
                0x08000244                TIM1_BRK_TIM9_IRQHandler
                0x08000244                DMA2_Stream3_IRQHandler
                0x08000244                USART6_IRQHandler
                0x08000244                DMA2_Stream0_IRQHandler
                0x08000244                TIM4_IRQHandler
                0x08000244                I2C1_EV_IRQHandler
                0x08000244                DMA1_Stream6_IRQHandler
                0x08000244                DMA1_Stream1_IRQHandler
                0x08000244                TIM3_IRQHandler
                0x08000244                RCC_IRQHandler
                0x08000244                Default_Handler
                0x08000244                EXTI15_10_IRQHandler
                0x08000244                ADC_IRQHandler
                0x08000244                DMA1_Stream7_IRQHandler
                0x08000244                SPI5_IRQHandler
                0x08000244                TIM5_IRQHandler
                0x08000244                DMA2_Stream7_IRQHandler
                0x08000244                I2C3_EV_IRQHandler
                0x08000244                EXTI9_5_IRQHandler
                0x08000244                RTC_WKUP_IRQHandler
                0x08000244                SPI2_IRQHandler
                0x08000244                DMA1_Stream0_IRQHandler
                0x08000244                EXTI4_IRQHandler
                0x08000244                WWDG_IRQHandler
                0x08000244                TIM2_IRQHandler
                0x08000244                OTG_FS_WKUP_IRQHandler
                0x08000244                TIM1_TRG_COM_TIM11_IRQHandler
                0x08000244                EXTI1_IRQHandler
                0x08000244                USART2_IRQHandler
                0x08000244                I2C2_ER_IRQHandler
                0x08000244                DMA2_Stream1_IRQHandler
                0x08000244                FLASH_IRQHandler
                0x08000244                DMA2_Stream4_IRQHandler
                0x08000244                USART1_IRQHandler
                0x08000244                OTG_FS_IRQHandler
                0x08000244                SPI3_IRQHandler
                0x08000244                DMA1_Stream4_IRQHandler
                0x08000244                I2C1_ER_IRQHandler
                0x08000244                DMA2_Stream6_IRQHandler
                0x08000244                DMA1_Stream3_IRQHandler
 *fill*         0x08000246        0x2 
 .text.HAL_GPIO_EXTI_Callback
                0x08000248       0x14 Application/User/main.o
                0x08000248                HAL_GPIO_EXTI_Callback
 .text.SystemClock_Config
                0x0800025c       0x94 Application/User/main.o
                0x0800025c                SystemClock_Config
 .text.startup.main
                0x080002f0       0x8c Application/User/main.o
                0x080002f0                main
 .text.HAL_MspInit
                0x0800037c       0x60 Application/User/stm32f4xx_hal_msp.o
                0x0800037c                HAL_MspInit
 .text.NMI_Handler
                0x080003dc        0x2 Application/User/stm32f4xx_it.o
                0x080003dc                NMI_Handler
 .text.HardFault_Handler
                0x080003de        0x2 Application/User/stm32f4xx_it.o
                0x080003de                HardFault_Handler
 .text.MemManage_Handler
                0x080003e0        0x2 Application/User/stm32f4xx_it.o
                0x080003e0                MemManage_Handler
 .text.BusFault_Handler
                0x080003e2        0x2 Application/User/stm32f4xx_it.o
                0x080003e2                BusFault_Handler
 .text.UsageFault_Handler
                0x080003e4        0x2 Application/User/stm32f4xx_it.o
                0x080003e4                UsageFault_Handler
 .text.SVC_Handler
                0x080003e6        0x2 Application/User/stm32f4xx_it.o
                0x080003e6                SVC_Handler
 .text.DebugMon_Handler
                0x080003e8        0x2 Application/User/stm32f4xx_it.o
                0x080003e8                DebugMon_Handler
 .text.PendSV_Handler
                0x080003ea        0x2 Application/User/stm32f4xx_it.o
                0x080003ea                PendSV_Handler
 .text.SysTick_Handler
                0x080003ec        0xe Application/User/stm32f4xx_it.o
                0x080003ec                SysTick_Handler
 .text.EXTI0_IRQHandler
                0x080003fa        0x6 Application/User/stm32f4xx_it.o
                0x080003fa                EXTI0_IRQHandler
 .text.SystemInit
                0x08000400       0x4c Drivers/CMSIS/system_stm32f4xx.o
                0x08000400                SystemInit
 .text.HAL_InitTick
                0x0800044c       0x28 Drivers/STM32F4xx_HAL_Driver/stm32f4xx_hal.o
                0x0800044c                HAL_InitTick
 .text.HAL_Init
                0x08000474       0x34 Drivers/STM32F4xx_HAL_Driver/stm32f4xx_hal.o
                0x08000474                HAL_Init
 .text.HAL_IncTick
                0x080004a8       0x10 Drivers/STM32F4xx_HAL_Driver/stm32f4xx_hal.o
                0x080004a8                HAL_IncTick
 .text.HAL_GetTick
                0x080004b8        0xc Drivers/STM32F4xx_HAL_Driver/stm32f4xx_hal.o
                0x080004b8                HAL_GetTick
 .text.HAL_NVIC_SetPriorityGrouping
                0x080004c4       0x24 Drivers/STM32F4xx_HAL_Driver/stm32f4xx_hal_cortex.o
                0x080004c4                HAL_NVIC_SetPriorityGrouping
 .text.HAL_NVIC_SetPriority
                0x080004e8       0x68 Drivers/STM32F4xx_HAL_Driver/stm32f4xx_hal_cortex.o
                0x080004e8                HAL_NVIC_SetPriority
 .text.HAL_NVIC_EnableIRQ
                0x08000550       0x18 Drivers/STM32F4xx_HAL_Driver/stm32f4xx_hal_cortex.o
                0x08000550                HAL_NVIC_EnableIRQ
 .text.HAL_SYSTICK_Config
                0x08000568       0x2c Drivers/STM32F4xx_HAL_Driver/stm32f4xx_hal_cortex.o
                0x08000568                HAL_SYSTICK_Config
 .text.HAL_SYSTICK_CLKSourceConfig
                0x08000594       0x18 Drivers/STM32F4xx_HAL_Driver/stm32f4xx_hal_cortex.o
                0x08000594                HAL_SYSTICK_CLKSourceConfig
 .text.HAL_SYSTICK_Callback
                0x080005ac        0x2 Drivers/STM32F4xx_HAL_Driver/stm32f4xx_hal_cortex.o
                0x080005ac                HAL_SYSTICK_Callback
 .text.HAL_SYSTICK_IRQHandler
                0x080005ae        0x8 Drivers/STM32F4xx_HAL_Driver/stm32f4xx_hal_cortex.o
                0x080005ae                HAL_SYSTICK_IRQHandler
 *fill*         0x080005b6        0x2 
 .text.HAL_GPIO_Init
                0x080005b8      0x19c Drivers/STM32F4xx_HAL_Driver/stm32f4xx_hal_gpio.o
                0x080005b8                HAL_GPIO_Init
 .text.HAL_GPIO_WritePin
                0x08000754        0x8 Drivers/STM32F4xx_HAL_Driver/stm32f4xx_hal_gpio.o
                0x08000754                HAL_GPIO_WritePin
 .text.HAL_GPIO_TogglePin
                0x0800075c        0x8 Drivers/STM32F4xx_HAL_Driver/stm32f4xx_hal_gpio.o
                0x0800075c                HAL_GPIO_TogglePin
 .text.HAL_GPIO_EXTI_IRQHandler
                0x08000764       0x18 Drivers/STM32F4xx_HAL_Driver/stm32f4xx_hal_gpio.o
                0x08000764                HAL_GPIO_EXTI_IRQHandler
 .text.HAL_RCC_OscConfig
                0x0800077c      0x31c Drivers/STM32F4xx_HAL_Driver/stm32f4xx_hal_rcc.o
                0x0800077c                HAL_RCC_OscConfig
 .text.HAL_RCC_GetSysClockFreq
                0x08000a98       0x7c Drivers/STM32F4xx_HAL_Driver/stm32f4xx_hal_rcc.o
                0x08000a98                HAL_RCC_GetSysClockFreq
 .text.HAL_RCC_ClockConfig
                0x08000b14      0x168 Drivers/STM32F4xx_HAL_Driver/stm32f4xx_hal_rcc.o
                0x08000b14                HAL_RCC_ClockConfig
 .text.HAL_RCC_GetHCLKFreq
                0x08000c7c        0xc Drivers/STM32F4xx_HAL_Driver/stm32f4xx_hal_rcc.o
                0x08000c7c                HAL_RCC_GetHCLKFreq
 .text.__libc_init_array
                0x08000c88       0x4c c:/users/bartosz/.p2/pool/plugins/fr.ac6.mcu.externaltools.arm-none.win32_1.13.1.201701200843/tools/compiler/bin/../lib/gcc/arm-none-eabi/5.4.1/../../../../arm-none-eabi/lib/armv7e-m/fpu\libc_nano.a(lib_a-init.o)
                0x08000c88                __libc_init_array
 *(.glue_7)
 .glue_7        0x08000cd4        0x0 linker stubs
 *(.glue_7t)
 .glue_7t       0x08000cd4        0x0 linker stubs
 *(.eh_frame)
 .eh_frame      0x08000cd4        0x0 c:/users/bartosz/.p2/pool/plugins/fr.ac6.mcu.externaltools.arm-none.win32_1.13.1.201701200843/tools/compiler/bin/../lib/gcc/arm-none-eabi/5.4.1/armv7e-m/fpu/crtbegin.o
 *(.init)
 .init          0x08000cd4        0x4 c:/users/bartosz/.p2/pool/plugins/fr.ac6.mcu.externaltools.arm-none.win32_1.13.1.201701200843/tools/compiler/bin/../lib/gcc/arm-none-eabi/5.4.1/armv7e-m/fpu/crti.o
                0x08000cd4                _init
 .init          0x08000cd8        0x8 c:/users/bartosz/.p2/pool/plugins/fr.ac6.mcu.externaltools.arm-none.win32_1.13.1.201701200843/tools/compiler/bin/../lib/gcc/arm-none-eabi/5.4.1/armv7e-m/fpu/crtn.o
 *(.fini)
 .fini          0x08000ce0        0x4 c:/users/bartosz/.p2/pool/plugins/fr.ac6.mcu.externaltools.arm-none.win32_1.13.1.201701200843/tools/compiler/bin/../lib/gcc/arm-none-eabi/5.4.1/armv7e-m/fpu/crti.o
                0x08000ce0                _fini
 .fini          0x08000ce4        0x8 c:/users/bartosz/.p2/pool/plugins/fr.ac6.mcu.externaltools.arm-none.win32_1.13.1.201701200843/tools/compiler/bin/../lib/gcc/arm-none-eabi/5.4.1/armv7e-m/fpu/crtn.o
                0x08000cec                . = ALIGN (0x4)
                0x08000cec                _etext = .

.vfp11_veneer   0x08000cec        0x0
 .vfp11_veneer  0x08000cec        0x0 linker stubs

.v4_bx          0x08000cec        0x0
 .v4_bx         0x08000cec        0x0 linker stubs

.iplt           0x08000cec        0x0
 .iplt          0x08000cec        0x0 c:/users/bartosz/.p2/pool/plugins/fr.ac6.mcu.externaltools.arm-none.win32_1.13.1.201701200843/tools/compiler/bin/../lib/gcc/arm-none-eabi/5.4.1/armv7e-m/fpu/crtbegin.o

.rodata         0x08000cec       0x10
                0x08000cec                . = ALIGN (0x4)
 *(.rodata)
 .rodata        0x08000cec       0x10 Drivers/STM32F4xx_HAL_Driver/stm32f4xx_hal_rcc.o
                0x08000cec                APBAHBPrescTable
 *(.rodata*)
                0x08000cfc                . = ALIGN (0x4)

.rel.dyn        0x08000cfc        0x0
 .rel.iplt      0x08000cfc        0x0 c:/users/bartosz/.p2/pool/plugins/fr.ac6.mcu.externaltools.arm-none.win32_1.13.1.201701200843/tools/compiler/bin/../lib/gcc/arm-none-eabi/5.4.1/armv7e-m/fpu/crtbegin.o

.ARM.extab
 *(.ARM.extab* .gnu.linkonce.armextab.*)

.ARM            0x08000cfc        0x0
                0x08000cfc                __exidx_start = .
 *(.ARM.exidx*)
                0x08000cfc                __exidx_end = .

.preinit_array  0x08000cfc        0x0
                0x08000cfc                PROVIDE (__preinit_array_start, .)
 *(.preinit_array*)
                0x08000cfc                PROVIDE (__preinit_array_end, .)

.init_array     0x08000cfc        0x4
                0x08000cfc                PROVIDE (__init_array_start, .)
 *(SORT(.init_array.*))
 *(.init_array*)
 .init_array    0x08000cfc        0x4 c:/users/bartosz/.p2/pool/plugins/fr.ac6.mcu.externaltools.arm-none.win32_1.13.1.201701200843/tools/compiler/bin/../lib/gcc/arm-none-eabi/5.4.1/armv7e-m/fpu/crtbegin.o
                0x08000d00                PROVIDE (__init_array_end, .)

.fini_array     0x08000d00        0x4
                [!provide]                PROVIDE (__fini_array_start, .)
 *(SORT(.fini_array.*))
 *(.fini_array*)
 .fini_array    0x08000d00        0x4 c:/users/bartosz/.p2/pool/plugins/fr.ac6.mcu.externaltools.arm-none.win32_1.13.1.201701200843/tools/compiler/bin/../lib/gcc/arm-none-eabi/5.4.1/armv7e-m/fpu/crtbegin.o
                [!provide]                PROVIDE (__fini_array_end, .)
                0x08000d04                _sidata = LOADADDR (.data)

.data           0x20000000        0x4 load address 0x08000d04
                0x20000000                . = ALIGN (0x4)
                0x20000000                _sdata = .
 *(.data)
 .data          0x20000000        0x4 Drivers/CMSIS/system_stm32f4xx.o
                0x20000000                SystemCoreClock
 *(.data*)
                0x20000004                . = ALIGN (0x4)
                0x20000004                _edata = .

.jcr            0x20000004        0x0 load address 0x08000d08
 .jcr           0x20000004        0x0 c:/users/bartosz/.p2/pool/plugins/fr.ac6.mcu.externaltools.arm-none.win32_1.13.1.201701200843/tools/compiler/bin/../lib/gcc/arm-none-eabi/5.4.1/armv7e-m/fpu/crtbegin.o

.igot.plt       0x20000004        0x0 load address 0x08000d08
 .igot.plt      0x20000004        0x0 c:/users/bartosz/.p2/pool/plugins/fr.ac6.mcu.externaltools.arm-none.win32_1.13.1.201701200843/tools/compiler/bin/../lib/gcc/arm-none-eabi/5.4.1/armv7e-m/fpu/crtbegin.o
                0x20000004                . = ALIGN (0x4)

.bss            0x20000004       0x20 load address 0x08000d08
                0x20000004                _sbss = .
                0x20000004                __bss_start__ = _sbss
 *(.bss)
 .bss           0x20000004       0x1c c:/users/bartosz/.p2/pool/plugins/fr.ac6.mcu.externaltools.arm-none.win32_1.13.1.201701200843/tools/compiler/bin/../lib/gcc/arm-none-eabi/5.4.1/armv7e-m/fpu/crtbegin.o
 *(.bss*)
 *(COMMON)
 COMMON         0x20000020        0x4 Drivers/STM32F4xx_HAL_Driver/stm32f4xx_hal.o
                0x20000020                uwTick
                0x20000024                . = ALIGN (0x4)
                0x20000024                _ebss = .
                0x20000024                __bss_end__ = _ebss

._user_heap_stack
                0x20000024      0x604 load address 0x08000d08
                0x20000028                . = ALIGN (0x8)
 *fill*         0x20000024        0x4 
                [!provide]                PROVIDE (end, .)
                [!provide]                PROVIDE (_end, .)
                0x20000228                . = (. + _Min_Heap_Size)
 *fill*         0x20000028      0x200 
                0x20000628                . = (. + _Min_Stack_Size)
 *fill*         0x20000228      0x400 
                0x20000628                . = ALIGN (0x8)

/DISCARD/
 libc.a(*)
 libm.a(*)
 libgcc.a(*)

.ARM.attributes
                0x00000000       0x30
 *(.ARM.attributes)
 .ARM.attributes
                0x00000000       0x22 c:/users/bartosz/.p2/pool/plugins/fr.ac6.mcu.externaltools.arm-none.win32_1.13.1.201701200843/tools/compiler/bin/../lib/gcc/arm-none-eabi/5.4.1/armv7e-m/fpu/crti.o
 .ARM.attributes
                0x00000022       0x34 c:/users/bartosz/.p2/pool/plugins/fr.ac6.mcu.externaltools.arm-none.win32_1.13.1.201701200843/tools/compiler/bin/../lib/gcc/arm-none-eabi/5.4.1/armv7e-m/fpu/crtbegin.o
 .ARM.attributes
                0x00000056       0x21 Application/SW4STM32/startup_stm32f411xe.o
 .ARM.attributes
                0x00000077       0x39 Application/User/main.o
 .ARM.attributes
                0x000000b0       0x39 Application/User/stm32f4xx_hal_msp.o
 .ARM.attributes
                0x000000e9       0x39 Application/User/stm32f4xx_it.o
 .ARM.attributes
                0x00000122       0x39 Drivers/CMSIS/system_stm32f4xx.o
 .ARM.attributes
                0x0000015b       0x39 Drivers/STM32F4xx_HAL_Driver/stm32f4xx_hal.o
 .ARM.attributes
                0x00000194       0x39 Drivers/STM32F4xx_HAL_Driver/stm32f4xx_hal_cortex.o
 .ARM.attributes
                0x000001cd       0x39 Drivers/STM32F4xx_HAL_Driver/stm32f4xx_hal_gpio.o
 .ARM.attributes
                0x00000206       0x39 Drivers/STM32F4xx_HAL_Driver/stm32f4xx_hal_rcc.o
 .ARM.attributes
                0x0000023f       0x34 c:/users/bartosz/.p2/pool/plugins/fr.ac6.mcu.externaltools.arm-none.win32_1.13.1.201701200843/tools/compiler/bin/../lib/gcc/arm-none-eabi/5.4.1/../../../../arm-none-eabi/lib/armv7e-m/fpu\libc_nano.a(lib_a-init.o)
 .ARM.attributes
                0x00000273       0x22 c:/users/bartosz/.p2/pool/plugins/fr.ac6.mcu.externaltools.arm-none.win32_1.13.1.201701200843/tools/compiler/bin/../lib/gcc/arm-none-eabi/5.4.1/armv7e-m/fpu/crtn.o
OUTPUT(01_GPIO.elf elf32-littlearm)

.debug_line     0x00000000     0x492a
 .debug_line    0x00000000       0xb5 Application/SW4STM32/startup_stm32f411xe.o
 .debug_line    0x000000b5      0x83e Application/User/main.o
 .debug_line    0x000008f3      0x7e4 Application/User/stm32f4xx_hal_msp.o
 .debug_line    0x000010d7      0x84d Application/User/stm32f4xx_it.o
 .debug_line    0x00001924      0x80d Drivers/CMSIS/system_stm32f4xx.o
 .debug_line    0x00002131      0x96b Drivers/STM32F4xx_HAL_Driver/stm32f4xx_hal.o
 .debug_line    0x00002a9c      0x9e0 Drivers/STM32F4xx_HAL_Driver/stm32f4xx_hal_cortex.o
 .debug_line    0x0000347c      0x995 Drivers/STM32F4xx_HAL_Driver/stm32f4xx_hal_gpio.o
 .debug_line    0x00003e11      0xb19 Drivers/STM32F4xx_HAL_Driver/stm32f4xx_hal_rcc.o

.debug_info     0x00000000     0x3f0c
 .debug_info    0x00000000       0xca Application/SW4STM32/startup_stm32f411xe.o
 .debug_info    0x000000ca      0x9a9 Application/User/main.o
 .debug_info    0x00000a73      0x364 Application/User/stm32f4xx_hal_msp.o
 .debug_info    0x00000dd7      0x18d Application/User/stm32f4xx_it.o
 .debug_info    0x00000f64      0x52a Drivers/CMSIS/system_stm32f4xx.o
 .debug_info    0x0000148e      0x874 Drivers/STM32F4xx_HAL_Driver/stm32f4xx_hal.o
 .debug_info    0x00001d02      0xdef Drivers/STM32F4xx_HAL_Driver/stm32f4xx_hal_cortex.o
 .debug_info    0x00002af1      0x75a Drivers/STM32F4xx_HAL_Driver/stm32f4xx_hal_gpio.o
 .debug_info    0x0000324b      0xcc1 Drivers/STM32F4xx_HAL_Driver/stm32f4xx_hal_rcc.o

.debug_abbrev   0x00000000      0xf89
 .debug_abbrev  0x00000000       0x12 Application/SW4STM32/startup_stm32f411xe.o
 .debug_abbrev  0x00000012      0x221 Application/User/main.o
 .debug_abbrev  0x00000233       0xc5 Application/User/stm32f4xx_hal_msp.o
 .debug_abbrev  0x000002f8       0xfd Application/User/stm32f4xx_it.o
 .debug_abbrev  0x000003f5      0x104 Drivers/CMSIS/system_stm32f4xx.o
 .debug_abbrev  0x000004f9      0x272 Drivers/STM32F4xx_HAL_Driver/stm32f4xx_hal.o
 .debug_abbrev  0x0000076b      0x332 Drivers/STM32F4xx_HAL_Driver/stm32f4xx_hal_cortex.o
 .debug_abbrev  0x00000a9d      0x1cb Drivers/STM32F4xx_HAL_Driver/stm32f4xx_hal_gpio.o
 .debug_abbrev  0x00000c68      0x321 Drivers/STM32F4xx_HAL_Driver/stm32f4xx_hal_rcc.o

.debug_aranges  0x00000000      0x320
 .debug_aranges
                0x00000000       0x28 Application/SW4STM32/startup_stm32f411xe.o
 .debug_aranges
                0x00000028       0x38 Application/User/main.o
 .debug_aranges
                0x00000060       0x20 Application/User/stm32f4xx_hal_msp.o
 .debug_aranges
                0x00000080       0x50 Application/User/stm32f4xx_it.o
 .debug_aranges
                0x000000d0       0x28 Drivers/CMSIS/system_stm32f4xx.o
 .debug_aranges
                0x000000f8       0xb8 Drivers/STM32F4xx_HAL_Driver/stm32f4xx_hal.o
 .debug_aranges
                0x000001b0       0x98 Drivers/STM32F4xx_HAL_Driver/stm32f4xx_hal_cortex.o
 .debug_aranges
                0x00000248       0x58 Drivers/STM32F4xx_HAL_Driver/stm32f4xx_hal_gpio.o
 .debug_aranges
                0x000002a0       0x80 Drivers/STM32F4xx_HAL_Driver/stm32f4xx_hal_rcc.o

.debug_ranges   0x00000000      0x4d0
 .debug_ranges  0x00000000       0x20 Application/SW4STM32/startup_stm32f411xe.o
 .debug_ranges  0x00000020       0x98 Application/User/main.o
 .debug_ranges  0x000000b8       0x10 Application/User/stm32f4xx_hal_msp.o
 .debug_ranges  0x000000c8       0x40 Application/User/stm32f4xx_it.o
 .debug_ranges  0x00000108       0x18 Drivers/CMSIS/system_stm32f4xx.o
 .debug_ranges  0x00000120       0xa8 Drivers/STM32F4xx_HAL_Driver/stm32f4xx_hal.o
 .debug_ranges  0x000001c8      0x148 Drivers/STM32F4xx_HAL_Driver/stm32f4xx_hal_cortex.o
 .debug_ranges  0x00000310       0x70 Drivers/STM32F4xx_HAL_Driver/stm32f4xx_hal_gpio.o
 .debug_ranges  0x00000380      0x150 Drivers/STM32F4xx_HAL_Driver/stm32f4xx_hal_rcc.o

.debug_loc      0x00000000      0xe35
 .debug_loc     0x00000000       0x2c Application/User/main.o
 .debug_loc     0x0000002c       0xd7 Drivers/CMSIS/system_stm32f4xx.o
 .debug_loc     0x00000103       0x92 Drivers/STM32F4xx_HAL_Driver/stm32f4xx_hal.o
 .debug_loc     0x00000195      0x4ab Drivers/STM32F4xx_HAL_Driver/stm32f4xx_hal_cortex.o
 .debug_loc     0x00000640      0x370 Drivers/STM32F4xx_HAL_Driver/stm32f4xx_hal_gpio.o
 .debug_loc     0x000009b0      0x485 Drivers/STM32F4xx_HAL_Driver/stm32f4xx_hal_rcc.o

.debug_macro    0x00000000    0x14bd5
 .debug_macro   0x00000000      0x2ef Application/User/main.o
 .debug_macro   0x000002ef      0x89e Application/User/main.o
 .debug_macro   0x00000b8d       0x22 Application/User/main.o
 .debug_macro   0x00000baf      0x173 Application/User/main.o
 .debug_macro   0x00000d22       0x33 Application/User/main.o
 .debug_macro   0x00000d55       0x28 Application/User/main.o
 .debug_macro   0x00000d7d       0x22 Application/User/main.o
 .debug_macro   0x00000d9f       0x87 Application/User/main.o
 .debug_macro   0x00000e26       0x44 Application/User/main.o
 .debug_macro   0x00000e6a       0xfd Application/User/main.o
 .debug_macro   0x00000f67       0x5e Application/User/main.o
 .debug_macro   0x00000fc5      0x1df Application/User/main.o
 .debug_macro   0x000011a4       0x35 Application/User/main.o
 .debug_macro   0x000011d9       0x50 Application/User/main.o
 .debug_macro   0x00001229      0xe66 Application/User/main.o
 .debug_macro   0x0000208f     0xb857 Application/User/main.o
 .debug_macro   0x0000d8e6       0x43 Application/User/main.o
 .debug_macro   0x0000d929     0x347f Application/User/main.o
 .debug_macro   0x00010da8       0x52 Application/User/main.o
 .debug_macro   0x00010dfa       0x35 Application/User/main.o
 .debug_macro   0x00010e2f       0x9c Application/User/main.o
 .debug_macro   0x00010ecb       0x16 Application/User/main.o
 .debug_macro   0x00010ee1       0x97 Application/User/main.o
 .debug_macro   0x00010f78      0x30d Application/User/main.o
 .debug_macro   0x00011285       0xfd Application/User/main.o
 .debug_macro   0x00011382       0x10 Application/User/main.o
 .debug_macro   0x00011392       0x52 Application/User/main.o
 .debug_macro   0x000113e4       0x1f Application/User/main.o
 .debug_macro   0x00011403       0x43 Application/User/main.o
 .debug_macro   0x00011446       0x20 Application/User/main.o
 .debug_macro   0x00011466      0x187 Application/User/main.o
 .debug_macro   0x000115ed       0x10 Application/User/main.o
 .debug_macro   0x000115fd       0x1c Application/User/main.o
 .debug_macro   0x00011619       0x52 Application/User/main.o
 .debug_macro   0x0001166b       0x40 Application/User/main.o
 .debug_macro   0x000116ab       0x10 Application/User/main.o
 .debug_macro   0x000116bb       0x40 Application/User/main.o
 .debug_macro   0x000116fb       0xd7 Application/User/main.o
 .debug_macro   0x000117d2       0x16 Application/User/main.o
 .debug_macro   0x000117e8      0x18b Application/User/main.o
 .debug_macro   0x00011973       0x50 Application/User/main.o
 .debug_macro   0x000119c3      0x45c Application/User/main.o
 .debug_macro   0x00011e1f      0x9e1 Application/User/main.o
 .debug_macro   0x00012800      0x11e Application/User/main.o
 .debug_macro   0x0001291e      0x11b Application/User/main.o
 .debug_macro   0x00012a39       0x27 Application/User/main.o
 .debug_macro   0x00012a60      0x287 Application/User/main.o
 .debug_macro   0x00012ce7       0x5f Application/User/main.o
 .debug_macro   0x00012d46      0x23a Application/User/main.o
 .debug_macro   0x00012f80      0x13a Application/User/main.o
 .debug_macro   0x000130ba      0x264 Application/User/main.o
 .debug_macro   0x0001331e       0x2e Application/User/main.o
 .debug_macro   0x0001334c      0x11e Application/User/main.o
 .debug_macro   0x0001346a       0x85 Application/User/main.o
 .debug_macro   0x000134ef       0x89 Application/User/main.o
 .debug_macro   0x00013578      0x11e Application/User/main.o
 .debug_macro   0x00013696      0x2eb Application/User/stm32f4xx_hal_msp.o
 .debug_macro   0x00013981      0x2f5 Application/User/stm32f4xx_it.o
 .debug_macro   0x00013c76      0x2f1 Drivers/CMSIS/system_stm32f4xx.o
 .debug_macro   0x00013f67      0x34b Drivers/STM32F4xx_HAL_Driver/stm32f4xx_hal.o
 .debug_macro   0x000142b2      0x2eb Drivers/STM32F4xx_HAL_Driver/stm32f4xx_hal_cortex.o
 .debug_macro   0x0001459d      0x323 Drivers/STM32F4xx_HAL_Driver/stm32f4xx_hal_gpio.o
 .debug_macro   0x000148c0      0x315 Drivers/STM32F4xx_HAL_Driver/stm32f4xx_hal_rcc.o

.debug_str      0x00000000    0x7d0c7
 .debug_str     0x00000000    0x7c0de Application/User/main.o
                              0x7c3a9 (size before relaxing)
 .debug_str     0x0007c0de       0x79 Application/User/stm32f4xx_hal_msp.o
                              0x7bfd0 (size before relaxing)
 .debug_str     0x0007c157      0x111 Application/User/stm32f4xx_it.o
                              0x7bcbd (size before relaxing)
 .debug_str     0x0007c268      0x112 Drivers/CMSIS/system_stm32f4xx.o
                              0x7bdec (size before relaxing)
 .debug_str     0x0007c37a      0x57f Drivers/STM32F4xx_HAL_Driver/stm32f4xx_hal.o
                              0x7c73d (size before relaxing)
 .debug_str     0x0007c8f9      0x346 Drivers/STM32F4xx_HAL_Driver/stm32f4xx_hal_cortex.o
                              0x7c4d0 (size before relaxing)
 .debug_str     0x0007cc3f      0x235 Drivers/STM32F4xx_HAL_Driver/stm32f4xx_hal_gpio.o
                              0x7c064 (size before relaxing)
 .debug_str     0x0007ce74      0x253 Drivers/STM32F4xx_HAL_Driver/stm32f4xx_hal_rcc.o
                              0x7c1f3 (size before relaxing)

.comment        0x00000000       0x6e
 .comment       0x00000000       0x6e Application/User/main.o
                                 0x6f (size before relaxing)
 .comment       0x0000006e       0x6f Application/User/stm32f4xx_hal_msp.o
 .comment       0x0000006e       0x6f Application/User/stm32f4xx_it.o
 .comment       0x0000006e       0x6f Drivers/CMSIS/system_stm32f4xx.o
 .comment       0x0000006e       0x6f Drivers/STM32F4xx_HAL_Driver/stm32f4xx_hal.o
 .comment       0x0000006e       0x6f Drivers/STM32F4xx_HAL_Driver/stm32f4xx_hal_cortex.o
 .comment       0x0000006e       0x6f Drivers/STM32F4xx_HAL_Driver/stm32f4xx_hal_gpio.o
 .comment       0x0000006e       0x6f Drivers/STM32F4xx_HAL_Driver/stm32f4xx_hal_rcc.o

.debug_frame    0x00000000      0x66c
 .debug_frame   0x00000000       0x68 Application/User/main.o
 .debug_frame   0x00000068       0x2c Application/User/stm32f4xx_hal_msp.o
 .debug_frame   0x00000094       0xbc Application/User/stm32f4xx_it.o
 .debug_frame   0x00000150       0x30 Drivers/CMSIS/system_stm32f4xx.o
 .debug_frame   0x00000180      0x184 Drivers/STM32F4xx_HAL_Driver/stm32f4xx_hal.o
 .debug_frame   0x00000304      0x130 Drivers/STM32F4xx_HAL_Driver/stm32f4xx_hal_cortex.o
 .debug_frame   0x00000434       0xd4 Drivers/STM32F4xx_HAL_Driver/stm32f4xx_hal_gpio.o
 .debug_frame   0x00000508      0x138 Drivers/STM32F4xx_HAL_Driver/stm32f4xx_hal_rcc.o
 .debug_frame   0x00000640       0x2c c:/users/bartosz/.p2/pool/plugins/fr.ac6.mcu.externaltools.arm-none.win32_1.13.1.201701200843/tools/compiler/bin/../lib/gcc/arm-none-eabi/5.4.1/../../../../arm-none-eabi/lib/armv7e-m/fpu\libc_nano.a(lib_a-init.o)
