Archive member included to satisfy reference by file (symbol)

c:/users/bartosz/.p2/pool/plugins/fr.ac6.mcu.externaltools.arm-none.win32_1.13.1.201701200843/tools/compiler/bin/../lib/gcc/arm-none-eabi/5.4.1/../../../../arm-none-eabi/lib/armv7e-m/fpu\libc_nano.a(lib_a-exit.o)
                              c:/users/bartosz/.p2/pool/plugins/fr.ac6.mcu.externaltools.arm-none.win32_1.13.1.201701200843/tools/compiler/bin/../lib/gcc/arm-none-eabi/5.4.1/../../../../arm-none-eabi/lib/armv7e-m/fpu/crt0.o (exit)
c:/users/bartosz/.p2/pool/plugins/fr.ac6.mcu.externaltools.arm-none.win32_1.13.1.201701200843/tools/compiler/bin/../lib/gcc/arm-none-eabi/5.4.1/../../../../arm-none-eabi/lib/armv7e-m/fpu\libc_nano.a(lib_a-impure.o)
                              c:/users/bartosz/.p2/pool/plugins/fr.ac6.mcu.externaltools.arm-none.win32_1.13.1.201701200843/tools/compiler/bin/../lib/gcc/arm-none-eabi/5.4.1/../../../../arm-none-eabi/lib/armv7e-m/fpu\libc_nano.a(lib_a-exit.o) (_global_impure_ptr)
c:/users/bartosz/.p2/pool/plugins/fr.ac6.mcu.externaltools.arm-none.win32_1.13.1.201701200843/tools/compiler/bin/../lib/gcc/arm-none-eabi/5.4.1/../../../../arm-none-eabi/lib/armv7e-m/fpu\libc_nano.a(lib_a-init.o)
                              c:/users/bartosz/.p2/pool/plugins/fr.ac6.mcu.externaltools.arm-none.win32_1.13.1.201701200843/tools/compiler/bin/../lib/gcc/arm-none-eabi/5.4.1/../../../../arm-none-eabi/lib/armv7e-m/fpu/crt0.o (__libc_init_array)
c:/users/bartosz/.p2/pool/plugins/fr.ac6.mcu.externaltools.arm-none.win32_1.13.1.201701200843/tools/compiler/bin/../lib/gcc/arm-none-eabi/5.4.1/../../../../arm-none-eabi/lib/armv7e-m/fpu\libc_nano.a(lib_a-memset.o)
                              c:/users/bartosz/.p2/pool/plugins/fr.ac6.mcu.externaltools.arm-none.win32_1.13.1.201701200843/tools/compiler/bin/../lib/gcc/arm-none-eabi/5.4.1/../../../../arm-none-eabi/lib/armv7e-m/fpu/crt0.o (memset)
c:/users/bartosz/.p2/pool/plugins/fr.ac6.mcu.externaltools.arm-none.win32_1.13.1.201701200843/tools/compiler/bin/../lib/gcc/arm-none-eabi/5.4.1/../../../../arm-none-eabi/lib/armv7e-m/fpu\libnosys.a(_exit.o)
                              c:/users/bartosz/.p2/pool/plugins/fr.ac6.mcu.externaltools.arm-none.win32_1.13.1.201701200843/tools/compiler/bin/../lib/gcc/arm-none-eabi/5.4.1/../../../../arm-none-eabi/lib/armv7e-m/fpu\libc_nano.a(lib_a-exit.o) (_exit)

Allocating common symbols
Common symbol       size              file

PomiarADC           0x6               Application/User/main.o
Temperature         0x4               Application/User/main.o
htim10              0x3c              Application/User/main.o
uwTick              0x4               Drivers/STM32F4xx_HAL_Driver/stm32f4xx_hal.o
pFlash              0x20              Drivers/STM32F4xx_HAL_Driver/stm32f4xx_hal_flash.o
hadc1               0x48              Application/User/main.o
Vsense              0x4               Application/User/main.o
hdma_adc1           0x60              Application/User/main.o

Discarded input sections

 .text          0x00000000        0x0 c:/users/bartosz/.p2/pool/plugins/fr.ac6.mcu.externaltools.arm-none.win32_1.13.1.201701200843/tools/compiler/bin/../lib/gcc/arm-none-eabi/5.4.1/armv7e-m/fpu/crti.o
 .data          0x00000000        0x0 c:/users/bartosz/.p2/pool/plugins/fr.ac6.mcu.externaltools.arm-none.win32_1.13.1.201701200843/tools/compiler/bin/../lib/gcc/arm-none-eabi/5.4.1/armv7e-m/fpu/crti.o
 .bss           0x00000000        0x0 c:/users/bartosz/.p2/pool/plugins/fr.ac6.mcu.externaltools.arm-none.win32_1.13.1.201701200843/tools/compiler/bin/../lib/gcc/arm-none-eabi/5.4.1/armv7e-m/fpu/crti.o
 .data          0x00000000        0x4 c:/users/bartosz/.p2/pool/plugins/fr.ac6.mcu.externaltools.arm-none.win32_1.13.1.201701200843/tools/compiler/bin/../lib/gcc/arm-none-eabi/5.4.1/armv7e-m/fpu/crtbegin.o
 .text          0x00000000       0x74 c:/users/bartosz/.p2/pool/plugins/fr.ac6.mcu.externaltools.arm-none.win32_1.13.1.201701200843/tools/compiler/bin/../lib/gcc/arm-none-eabi/5.4.1/../../../../arm-none-eabi/lib/armv7e-m/fpu/crt0.o
 .data          0x00000000        0x0 c:/users/bartosz/.p2/pool/plugins/fr.ac6.mcu.externaltools.arm-none.win32_1.13.1.201701200843/tools/compiler/bin/../lib/gcc/arm-none-eabi/5.4.1/../../../../arm-none-eabi/lib/armv7e-m/fpu/crt0.o
 .bss           0x00000000        0x0 c:/users/bartosz/.p2/pool/plugins/fr.ac6.mcu.externaltools.arm-none.win32_1.13.1.201701200843/tools/compiler/bin/../lib/gcc/arm-none-eabi/5.4.1/../../../../arm-none-eabi/lib/armv7e-m/fpu/crt0.o
 .ARM.extab     0x00000000        0x0 c:/users/bartosz/.p2/pool/plugins/fr.ac6.mcu.externaltools.arm-none.win32_1.13.1.201701200843/tools/compiler/bin/../lib/gcc/arm-none-eabi/5.4.1/../../../../arm-none-eabi/lib/armv7e-m/fpu/crt0.o
 .ARM.exidx     0x00000000        0x8 c:/users/bartosz/.p2/pool/plugins/fr.ac6.mcu.externaltools.arm-none.win32_1.13.1.201701200843/tools/compiler/bin/../lib/gcc/arm-none-eabi/5.4.1/../../../../arm-none-eabi/lib/armv7e-m/fpu/crt0.o
[...]
Memory Configuration

Name             Origin             Length             Attributes
RAM              0x20000000         0x00020000         xrw
FLASH            0x08000000         0x00080000         xr
*default*        0x00000000         0xffffffff

Linker script and memory map

LOAD c:/users/bartosz/.p2/pool/plugins/fr.ac6.mcu.externaltools.arm-none.win32_1.13.1.201701200843/tools/compiler/bin/../lib/gcc/arm-none-eabi/5.4.1/armv7e-m/fpu/crti.o
LOAD c:/users/bartosz/.p2/pool/plugins/fr.ac6.mcu.externaltools.arm-none.win32_1.13.1.201701200843/tools/compiler/bin/../lib/gcc/arm-none-eabi/5.4.1/armv7e-m/fpu/crtbegin.o
LOAD c:/users/bartosz/.p2/pool/plugins/fr.ac6.mcu.externaltools.arm-none.win32_1.13.1.201701200843/tools/compiler/bin/../lib/gcc/arm-none-eabi/5.4.1/../../../../arm-none-eabi/lib/armv7e-m/fpu/crt0.o
LOAD c:/users/bartosz/.p2/pool/plugins/fr.ac6.mcu.externaltools.arm-none.win32_1.13.1.201701200843/tools/compiler/bin/../lib/gcc/arm-none-eabi/5.4.1/../../../../arm-none-eabi/lib/armv7e-m/fpu\libm.a
LOAD Application/SW4STM32/startup_stm32f411xe.o
LOAD Application/User/main.o
LOAD Application/User/stm32f4xx_hal_msp.o
LOAD Application/User/stm32f4xx_it.o
LOAD Drivers/CMSIS/system_stm32f4xx.o
LOAD Drivers/STM32F4xx_HAL_Driver/stm32f4xx_hal.o
LOAD Drivers/STM32F4xx_HAL_Driver/stm32f4xx_hal_adc.o
LOAD Drivers/STM32F4xx_HAL_Driver/stm32f4xx_hal_adc_ex.o
LOAD Drivers/STM32F4xx_HAL_Driver/stm32f4xx_hal_cortex.o
LOAD Drivers/STM32F4xx_HAL_Driver/stm32f4xx_hal_dma.o
LOAD Drivers/STM32F4xx_HAL_Driver/stm32f4xx_hal_dma_ex.o
LOAD Drivers/STM32F4xx_HAL_Driver/stm32f4xx_hal_flash.o
LOAD Drivers/STM32F4xx_HAL_Driver/stm32f4xx_hal_flash_ex.o
LOAD Drivers/STM32F4xx_HAL_Driver/stm32f4xx_hal_flash_ramfunc.o
LOAD Drivers/STM32F4xx_HAL_Driver/stm32f4xx_hal_gpio.o
LOAD Drivers/STM32F4xx_HAL_Driver/stm32f4xx_hal_pwr.o
LOAD Drivers/STM32F4xx_HAL_Driver/stm32f4xx_hal_pwr_ex.o
LOAD Drivers/STM32F4xx_HAL_Driver/stm32f4xx_hal_rcc.o
LOAD Drivers/STM32F4xx_HAL_Driver/stm32f4xx_hal_rcc_ex.o
LOAD Drivers/STM32F4xx_HAL_Driver/stm32f4xx_hal_tim.o
LOAD Drivers/STM32F4xx_HAL_Driver/stm32f4xx_hal_tim_ex.o
START GROUP
LOAD c:/users/bartosz/.p2/pool/plugins/fr.ac6.mcu.externaltools.arm-none.win32_1.13.1.201701200843/tools/compiler/bin/../lib/gcc/arm-none-eabi/5.4.1/armv7e-m/fpu\libgcc.a
LOAD c:/users/bartosz/.p2/pool/plugins/fr.ac6.mcu.externaltools.arm-none.win32_1.13.1.201701200843/tools/compiler/bin/../lib/gcc/arm-none-eabi/5.4.1/../../../../arm-none-eabi/lib/armv7e-m/fpu\libc_nano.a
END GROUP
START GROUP
LOAD c:/users/bartosz/.p2/pool/plugins/fr.ac6.mcu.externaltools.arm-none.win32_1.13.1.201701200843/tools/compiler/bin/../lib/gcc/arm-none-eabi/5.4.1/armv7e-m/fpu\libgcc.a
LOAD c:/users/bartosz/.p2/pool/plugins/fr.ac6.mcu.externaltools.arm-none.win32_1.13.1.201701200843/tools/compiler/bin/../lib/gcc/arm-none-eabi/5.4.1/../../../../arm-none-eabi/lib/armv7e-m/fpu\libc_nano.a
LOAD c:/users/bartosz/.p2/pool/plugins/fr.ac6.mcu.externaltools.arm-none.win32_1.13.1.201701200843/tools/compiler/bin/../lib/gcc/arm-none-eabi/5.4.1/../../../../arm-none-eabi/lib/armv7e-m/fpu\libnosys.a
END GROUP
START GROUP
LOAD c:/users/bartosz/.p2/pool/plugins/fr.ac6.mcu.externaltools.arm-none.win32_1.13.1.201701200843/tools/compiler/bin/../lib/gcc/arm-none-eabi/5.4.1/armv7e-m/fpu\libgcc.a
LOAD c:/users/bartosz/.p2/pool/plugins/fr.ac6.mcu.externaltools.arm-none.win32_1.13.1.201701200843/tools/compiler/bin/../lib/gcc/arm-none-eabi/5.4.1/../../../../arm-none-eabi/lib/armv7e-m/fpu\libc_nano.a
LOAD c:/users/bartosz/.p2/pool/plugins/fr.ac6.mcu.externaltools.arm-none.win32_1.13.1.201701200843/tools/compiler/bin/../lib/gcc/arm-none-eabi/5.4.1/../../../../arm-none-eabi/lib/armv7e-m/fpu\libnosys.a
END GROUP
LOAD c:/users/bartosz/.p2/pool/plugins/fr.ac6.mcu.externaltools.arm-none.win32_1.13.1.201701200843/tools/compiler/bin/../lib/gcc/arm-none-eabi/5.4.1/armv7e-m/fpu/crtend.o
LOAD c:/users/bartosz/.p2/pool/plugins/fr.ac6.mcu.externaltools.arm-none.win32_1.13.1.201701200843/tools/compiler/bin/../lib/gcc/arm-none-eabi/5.4.1/armv7e-m/fpu/crtn.o
                0x20020000                _estack = 0x20020000
                0x00000200                _Min_Heap_Size = 0x200
                0x00000400                _Min_Stack_Size = 0x400

.isr_vector     0x08000000      0x198
                0x08000000                . = ALIGN (0x4)
 *(.isr_vector)
 .isr_vector    0x08000000      0x198 Application/SW4STM32/startup_stm32f411xe.o
                0x08000000                g_pfnVectors
                0x08000198                . = ALIGN (0x4)

.text           0x08000198     0x1874
                0x08000198                . = ALIGN (0x4)
 *(.text)
 .text          0x08000198       0x5c c:/users/bartosz/.p2/pool/plugins/fr.ac6.mcu.externaltools.arm-none.win32_1.13.1.201701200843/tools/compiler/bin/../lib/gcc/arm-none-eabi/5.4.1/armv7e-m/fpu/crtbegin.o
 *(.text*)
 .text.Reset_Handler
                0x080001f4       0x50 Application/SW4STM32/startup_stm32f411xe.o
                0x080001f4                Reset_Handler
 .text.Default_Handler
                0x08000244        0x2 Application/SW4STM32/startup_stm32f411xe.o
                0x08000244                RTC_Alarm_IRQHandler
                0x08000244                EXTI2_IRQHandler
                0x08000244                SPI4_IRQHandler
                0x08000244                TIM1_CC_IRQHandler
                0x08000244                DMA2_Stream5_IRQHandler
                0x08000244                DMA1_Stream5_IRQHandler
                0x08000244                PVD_IRQHandler
                0x08000244                SDIO_IRQHandler
                0x08000244                TAMP_STAMP_IRQHandler
                0x08000244                I2C3_ER_IRQHandler
                0x08000244                I2C2_EV_IRQHandler
                0x08000244                DMA1_Stream2_IRQHandler
                0x08000244                FPU_IRQHandler
                0x08000244                DMA2_Stream2_IRQHandler
                0x08000244                SPI1_IRQHandler
                0x08000244                TIM1_BRK_TIM9_IRQHandler
                0x08000244                DMA2_Stream3_IRQHandler
                0x08000244                USART6_IRQHandler
                0x08000244                TIM4_IRQHandler
                0x08000244                I2C1_EV_IRQHandler
                0x08000244                DMA1_Stream6_IRQHandler
                0x08000244                DMA1_Stream1_IRQHandler
                0x08000244                TIM3_IRQHandler
                0x08000244                RCC_IRQHandler
                0x08000244                Default_Handler
                0x08000244                EXTI15_10_IRQHandler
                0x08000244                ADC_IRQHandler
                0x08000244                DMA1_Stream7_IRQHandler
                0x08000244                SPI5_IRQHandler
                0x08000244                TIM5_IRQHandler
                0x08000244                DMA2_Stream7_IRQHandler
                0x08000244                I2C3_EV_IRQHandler
                0x08000244                EXTI9_5_IRQHandler
                0x08000244                RTC_WKUP_IRQHandler
                0x08000244                SPI2_IRQHandler
                0x08000244                DMA1_Stream0_IRQHandler
                0x08000244                EXTI4_IRQHandler
                0x08000244                WWDG_IRQHandler
                0x08000244                TIM2_IRQHandler
                0x08000244                OTG_FS_WKUP_IRQHandler
                0x08000244                TIM1_TRG_COM_TIM11_IRQHandler
                0x08000244                EXTI1_IRQHandler
                0x08000244                USART2_IRQHandler
                0x08000244                I2C2_ER_IRQHandler
                0x08000244                DMA2_Stream1_IRQHandler
                0x08000244                FLASH_IRQHandler
                0x08000244                DMA2_Stream4_IRQHandler
                0x08000244                USART1_IRQHandler
                0x08000244                OTG_FS_IRQHandler
                0x08000244                SPI3_IRQHandler
                0x08000244                DMA1_Stream4_IRQHandler
                0x08000244                I2C1_ER_IRQHandler
                0x08000244                DMA2_Stream6_IRQHandler
                0x08000244                DMA1_Stream3_IRQHandler
 *fill*         0x08000246        0x2 
 .text.SystemClock_Config
                0x08000248       0xa8 Application/User/main.o
                0x08000248                SystemClock_Config
 .text.startup.main
                0x080002f0      0x188 Application/User/main.o
                0x080002f0                main
 .text.HAL_ADC_ConvCpltCallback
                0x08000478      0x14c Application/User/main.o
                0x08000478                HAL_ADC_ConvCpltCallback
 .text.HAL_TIM_PeriodElapsedCallback
                0x080005c4       0x74 Application/User/main.o
                0x080005c4                HAL_TIM_PeriodElapsedCallback
 .text.HAL_GPIO_EXTI_Callback
                0x08000638       0x28 Application/User/main.o
                0x08000638                HAL_GPIO_EXTI_Callback
 .text.Error_Handler
                0x08000660        0x2 Application/User/main.o
                0x08000660                Error_Handler
 .text.HAL_MspInit
                0x08000662       0x60 Application/User/stm32f4xx_hal_msp.o
                0x08000662                HAL_MspInit
 *fill*         0x080006c2        0x2 
 .text.HAL_ADC_MspInit
                0x080006c4       0x88 Application/User/stm32f4xx_hal_msp.o
                0x080006c4                HAL_ADC_MspInit
 .text.HAL_TIM_Base_MspInit
                0x0800074c       0x3c Application/User/stm32f4xx_hal_msp.o
                0x0800074c                HAL_TIM_Base_MspInit
 .text.NMI_Handler
                0x08000788        0x2 Application/User/stm32f4xx_it.o
                0x08000788                NMI_Handler
 .text.HardFault_Handler
                0x0800078a        0x2 Application/User/stm32f4xx_it.o
                0x0800078a                HardFault_Handler
 .text.MemManage_Handler
                0x0800078c        0x2 Application/User/stm32f4xx_it.o
                0x0800078c                MemManage_Handler
 .text.BusFault_Handler
                0x0800078e        0x2 Application/User/stm32f4xx_it.o
                0x0800078e                BusFault_Handler
 .text.UsageFault_Handler
                0x08000790        0x2 Application/User/stm32f4xx_it.o
                0x08000790                UsageFault_Handler
 .text.SVC_Handler
                0x08000792        0x2 Application/User/stm32f4xx_it.o
                0x08000792                SVC_Handler
 .text.DebugMon_Handler
                0x08000794        0x2 Application/User/stm32f4xx_it.o
                0x08000794                DebugMon_Handler
 .text.PendSV_Handler
                0x08000796        0x2 Application/User/stm32f4xx_it.o
                0x08000796                PendSV_Handler
 .text.SysTick_Handler
                0x08000798        0xe Application/User/stm32f4xx_it.o
                0x08000798                SysTick_Handler
 .text.EXTI0_IRQHandler
                0x080007a6        0x6 Application/User/stm32f4xx_it.o
                0x080007a6                EXTI0_IRQHandler
 .text.EXTI3_IRQHandler
                0x080007ac        0x6 Application/User/stm32f4xx_it.o
                0x080007ac                EXTI3_IRQHandler
 *fill*         0x080007b2        0x2 
 .text.TIM1_UP_TIM10_IRQHandler
                0x080007b4        0xc Application/User/stm32f4xx_it.o
                0x080007b4                TIM1_UP_TIM10_IRQHandler
 .text.DMA2_Stream0_IRQHandler
                0x080007c0        0xc Application/User/stm32f4xx_it.o
                0x080007c0                DMA2_Stream0_IRQHandler
 .text.SystemInit
                0x080007cc       0x4c Drivers/CMSIS/system_stm32f4xx.o
                0x080007cc                SystemInit
 .text.HAL_InitTick
                0x08000818       0x28 Drivers/STM32F4xx_HAL_Driver/stm32f4xx_hal.o
                0x08000818                HAL_InitTick
 .text.HAL_Init
                0x08000840       0x34 Drivers/STM32F4xx_HAL_Driver/stm32f4xx_hal.o
                0x08000840                HAL_Init
 .text.HAL_IncTick
                0x08000874       0x10 Drivers/STM32F4xx_HAL_Driver/stm32f4xx_hal.o
                0x08000874                HAL_IncTick
 .text.HAL_GetTick
                0x08000884        0xc Drivers/STM32F4xx_HAL_Driver/stm32f4xx_hal.o
                0x08000884                HAL_GetTick
 .text.HAL_ADC_Init
                0x08000890      0x154 Drivers/STM32F4xx_HAL_Driver/stm32f4xx_hal_adc.o
                0x08000890                HAL_ADC_Init
 .text.HAL_ADC_Start_DMA
                0x080009e4      0x100 Drivers/STM32F4xx_HAL_Driver/stm32f4xx_hal_adc.o
                0x080009e4                HAL_ADC_Start_DMA
 .text.ADC_DMAConvCplt
                0x08000ae4       0x60 Drivers/STM32F4xx_HAL_Driver/stm32f4xx_hal_adc.o
 .text.HAL_ADC_ConvHalfCpltCallback
                0x08000b44        0x2 Drivers/STM32F4xx_HAL_Driver/stm32f4xx_hal_adc.o
                0x08000b44                HAL_ADC_ConvHalfCpltCallback
 .text.ADC_DMAHalfConvCplt
                0x08000b46        0xa Drivers/STM32F4xx_HAL_Driver/stm32f4xx_hal_adc.o
 .text.HAL_ADC_ErrorCallback
                0x08000b50        0x2 Drivers/STM32F4xx_HAL_Driver/stm32f4xx_hal_adc.o
                0x08000b50                HAL_ADC_ErrorCallback
 .text.ADC_DMAError
                0x08000b52       0x16 Drivers/STM32F4xx_HAL_Driver/stm32f4xx_hal_adc.o
 .text.HAL_ADC_ConfigChannel
                0x08000b68      0x134 Drivers/STM32F4xx_HAL_Driver/stm32f4xx_hal_adc.o
                0x08000b68                HAL_ADC_ConfigChannel
 .text.HAL_NVIC_SetPriorityGrouping
                0x08000c9c       0x24 Drivers/STM32F4xx_HAL_Driver/stm32f4xx_hal_cortex.o
                0x08000c9c                HAL_NVIC_SetPriorityGrouping
 .text.HAL_NVIC_SetPriority
                0x08000cc0       0x68 Drivers/STM32F4xx_HAL_Driver/stm32f4xx_hal_cortex.o
                0x08000cc0                HAL_NVIC_SetPriority
 .text.HAL_NVIC_EnableIRQ
                0x08000d28       0x18 Drivers/STM32F4xx_HAL_Driver/stm32f4xx_hal_cortex.o
                0x08000d28                HAL_NVIC_EnableIRQ
 .text.HAL_SYSTICK_Config
                0x08000d40       0x2c Drivers/STM32F4xx_HAL_Driver/stm32f4xx_hal_cortex.o
                0x08000d40                HAL_SYSTICK_Config
 .text.HAL_SYSTICK_CLKSourceConfig
                0x08000d6c       0x18 Drivers/STM32F4xx_HAL_Driver/stm32f4xx_hal_cortex.o
                0x08000d6c                HAL_SYSTICK_CLKSourceConfig
 .text.HAL_SYSTICK_Callback
                0x08000d84        0x2 Drivers/STM32F4xx_HAL_Driver/stm32f4xx_hal_cortex.o
                0x08000d84                HAL_SYSTICK_Callback
 .text.HAL_SYSTICK_IRQHandler
                0x08000d86        0x8 Drivers/STM32F4xx_HAL_Driver/stm32f4xx_hal_cortex.o
                0x08000d86                HAL_SYSTICK_IRQHandler
 *fill*         0x08000d8e        0x2 
 .text.DMA_CalcBaseAndBitshift
                0x08000d90       0x2c Drivers/STM32F4xx_HAL_Driver/stm32f4xx_hal_dma.o
 .text.HAL_DMA_Init
                0x08000dbc       0xec Drivers/STM32F4xx_HAL_Driver/stm32f4xx_hal_dma.o
                0x08000dbc                HAL_DMA_Init
 .text.HAL_DMA_Start_IT
                0x08000ea8       0x80 Drivers/STM32F4xx_HAL_Driver/stm32f4xx_hal_dma.o
                0x08000ea8                HAL_DMA_Start_IT
 .text.HAL_DMA_IRQHandler
                0x08000f28      0x17c Drivers/STM32F4xx_HAL_Driver/stm32f4xx_hal_dma.o
                0x08000f28                HAL_DMA_IRQHandler
 .text.HAL_GPIO_Init
                0x080010a4      0x19c Drivers/STM32F4xx_HAL_Driver/stm32f4xx_hal_gpio.o
                0x080010a4                HAL_GPIO_Init
 .text.HAL_GPIO_WritePin
                0x08001240        0x8 Drivers/STM32F4xx_HAL_Driver/stm32f4xx_hal_gpio.o
                0x08001240                HAL_GPIO_WritePin
 .text.HAL_GPIO_TogglePin
                0x08001248        0x8 Drivers/STM32F4xx_HAL_Driver/stm32f4xx_hal_gpio.o
                0x08001248                HAL_GPIO_TogglePin
 .text.HAL_GPIO_EXTI_IRQHandler
                0x08001250       0x18 Drivers/STM32F4xx_HAL_Driver/stm32f4xx_hal_gpio.o
                0x08001250                HAL_GPIO_EXTI_IRQHandler
 .text.HAL_RCC_OscConfig
                0x08001268      0x31c Drivers/STM32F4xx_HAL_Driver/stm32f4xx_hal_rcc.o
                0x08001268                HAL_RCC_OscConfig
 .text.HAL_RCC_GetSysClockFreq
                0x08001584       0x7c Drivers/STM32F4xx_HAL_Driver/stm32f4xx_hal_rcc.o
                0x08001584                HAL_RCC_GetSysClockFreq
 .text.HAL_RCC_ClockConfig
                0x08001600      0x168 Drivers/STM32F4xx_HAL_Driver/stm32f4xx_hal_rcc.o
                0x08001600                HAL_RCC_ClockConfig
 .text.HAL_RCC_GetHCLKFreq
                0x08001768        0xc Drivers/STM32F4xx_HAL_Driver/stm32f4xx_hal_rcc.o
                0x08001768                HAL_RCC_GetHCLKFreq
 .text.HAL_TIM_Base_Start_IT
                0x08001774       0x16 Drivers/STM32F4xx_HAL_Driver/stm32f4xx_hal_tim.o
                0x08001774                HAL_TIM_Base_Start_IT
 .text.HAL_TIM_OC_DelayElapsedCallback
                0x0800178a        0x2 Drivers/STM32F4xx_HAL_Driver/stm32f4xx_hal_tim.o
                0x0800178a                HAL_TIM_OC_DelayElapsedCallback
 .text.HAL_TIM_IC_CaptureCallback
                0x0800178c        0x2 Drivers/STM32F4xx_HAL_Driver/stm32f4xx_hal_tim.o
                0x0800178c                HAL_TIM_IC_CaptureCallback
 .text.HAL_TIM_PWM_PulseFinishedCallback
                0x0800178e        0x2 Drivers/STM32F4xx_HAL_Driver/stm32f4xx_hal_tim.o
                0x0800178e                HAL_TIM_PWM_PulseFinishedCallback
 .text.HAL_TIM_TriggerCallback
                0x08001790        0x2 Drivers/STM32F4xx_HAL_Driver/stm32f4xx_hal_tim.o
                0x08001790                HAL_TIM_TriggerCallback
 .text.HAL_TIM_IRQHandler
                0x08001792      0x144 Drivers/STM32F4xx_HAL_Driver/stm32f4xx_hal_tim.o
                0x08001792                HAL_TIM_IRQHandler
 *fill*         0x080018d6        0x2 
 .text.TIM_Base_SetConfig
                0x080018d8       0x98 Drivers/STM32F4xx_HAL_Driver/stm32f4xx_hal_tim.o
                0x080018d8                TIM_Base_SetConfig
 .text.HAL_TIM_Base_Init
                0x08001970       0x34 Drivers/STM32F4xx_HAL_Driver/stm32f4xx_hal_tim.o
                0x08001970                HAL_TIM_Base_Init
 .text.HAL_TIMEx_CommutationCallback
                0x080019a4        0x2 Drivers/STM32F4xx_HAL_Driver/stm32f4xx_hal_tim_ex.o
                0x080019a4                HAL_TIMEx_CommutationCallback
 .text.HAL_TIMEx_BreakCallback
                0x080019a6        0x2 Drivers/STM32F4xx_HAL_Driver/stm32f4xx_hal_tim_ex.o
                0x080019a6                HAL_TIMEx_BreakCallback
 .text.__libc_init_array
                0x080019a8       0x4c c:/users/bartosz/.p2/pool/plugins/fr.ac6.mcu.externaltools.arm-none.win32_1.13.1.201701200843/tools/compiler/bin/../lib/gcc/arm-none-eabi/5.4.1/../../../../arm-none-eabi/lib/armv7e-m/fpu\libc_nano.a(lib_a-init.o)
                0x080019a8                __libc_init_array
 *(.glue_7)
 .glue_7        0x080019f4        0x0 linker stubs
 *(.glue_7t)
 .glue_7t       0x080019f4        0x0 linker stubs
 *(.eh_frame)
 .eh_frame      0x080019f4        0x0 c:/users/bartosz/.p2/pool/plugins/fr.ac6.mcu.externaltools.arm-none.win32_1.13.1.201701200843/tools/compiler/bin/../lib/gcc/arm-none-eabi/5.4.1/armv7e-m/fpu/crtbegin.o
 *(.init)
 .init          0x080019f4        0x4 c:/users/bartosz/.p2/pool/plugins/fr.ac6.mcu.externaltools.arm-none.win32_1.13.1.201701200843/tools/compiler/bin/../lib/gcc/arm-none-eabi/5.4.1/armv7e-m/fpu/crti.o
                0x080019f4                _init
 .init          0x080019f8        0x8 c:/users/bartosz/.p2/pool/plugins/fr.ac6.mcu.externaltools.arm-none.win32_1.13.1.201701200843/tools/compiler/bin/../lib/gcc/arm-none-eabi/5.4.1/armv7e-m/fpu/crtn.o
 *(.fini)
 .fini          0x08001a00        0x4 c:/users/bartosz/.p2/pool/plugins/fr.ac6.mcu.externaltools.arm-none.win32_1.13.1.201701200843/tools/compiler/bin/../lib/gcc/arm-none-eabi/5.4.1/armv7e-m/fpu/crti.o
                0x08001a00                _fini
 .fini          0x08001a04        0x8 c:/users/bartosz/.p2/pool/plugins/fr.ac6.mcu.externaltools.arm-none.win32_1.13.1.201701200843/tools/compiler/bin/../lib/gcc/arm-none-eabi/5.4.1/armv7e-m/fpu/crtn.o
                0x08001a0c                . = ALIGN (0x4)
                0x08001a0c                _etext = .

.vfp11_veneer   0x08001a0c        0x0
 .vfp11_veneer  0x08001a0c        0x0 linker stubs

.v4_bx          0x08001a0c        0x0
 .v4_bx         0x08001a0c        0x0 linker stubs

.iplt           0x08001a0c        0x0
 .iplt          0x08001a0c        0x0 c:/users/bartosz/.p2/pool/plugins/fr.ac6.mcu.externaltools.arm-none.win32_1.13.1.201701200843/tools/compiler/bin/../lib/gcc/arm-none-eabi/5.4.1/armv7e-m/fpu/crtbegin.o

.rodata         0x08001a0c       0x18
                0x08001a0c                . = ALIGN (0x4)
 *(.rodata)
 .rodata        0x08001a0c        0x8 Drivers/STM32F4xx_HAL_Driver/stm32f4xx_hal_dma.o
 .rodata        0x08001a14       0x10 Drivers/STM32F4xx_HAL_Driver/stm32f4xx_hal_rcc.o
                0x08001a14                APBAHBPrescTable
 *(.rodata*)
                0x08001a24                . = ALIGN (0x4)

.rel.dyn        0x08001a24        0x0
 .rel.iplt      0x08001a24        0x0 c:/users/bartosz/.p2/pool/plugins/fr.ac6.mcu.externaltools.arm-none.win32_1.13.1.201701200843/tools/compiler/bin/../lib/gcc/arm-none-eabi/5.4.1/armv7e-m/fpu/crtbegin.o

.ARM.extab
 *(.ARM.extab* .gnu.linkonce.armextab.*)

.ARM            0x08001a24        0x0
                0x08001a24                __exidx_start = .
 *(.ARM.exidx*)
                0x08001a24                __exidx_end = .

.preinit_array  0x08001a24        0x0
                0x08001a24                PROVIDE (__preinit_array_start, .)
 *(.preinit_array*)
                0x08001a24                PROVIDE (__preinit_array_end, .)

.init_array     0x08001a24        0x4
                0x08001a24                PROVIDE (__init_array_start, .)
 *(SORT(.init_array.*))
 *(.init_array*)
 .init_array    0x08001a24        0x4 c:/users/bartosz/.p2/pool/plugins/fr.ac6.mcu.externaltools.arm-none.win32_1.13.1.201701200843/tools/compiler/bin/../lib/gcc/arm-none-eabi/5.4.1/armv7e-m/fpu/crtbegin.o
                0x08001a28                PROVIDE (__init_array_end, .)

.fini_array     0x08001a28        0x4
                [!provide]                PROVIDE (__fini_array_start, .)
 *(SORT(.fini_array.*))
 *(.fini_array*)
 .fini_array    0x08001a28        0x4 c:/users/bartosz/.p2/pool/plugins/fr.ac6.mcu.externaltools.arm-none.win32_1.13.1.201701200843/tools/compiler/bin/../lib/gcc/arm-none-eabi/5.4.1/armv7e-m/fpu/crtbegin.o
                [!provide]                PROVIDE (__fini_array_end, .)
                0x08001a2c                _sidata = LOADADDR (.data)

.data           0x20000000        0x4 load address 0x08001a2c
                0x20000000                . = ALIGN (0x4)
                0x20000000                _sdata = .
 *(.data)
 .data          0x20000000        0x4 Drivers/CMSIS/system_stm32f4xx.o
                0x20000000                SystemCoreClock
 *(.data*)
                0x20000004                . = ALIGN (0x4)
                0x20000004                _edata = .

.jcr            0x20000004        0x0 load address 0x08001a30
 .jcr           0x20000004        0x0 c:/users/bartosz/.p2/pool/plugins/fr.ac6.mcu.externaltools.arm-none.win32_1.13.1.201701200843/tools/compiler/bin/../lib/gcc/arm-none-eabi/5.4.1/armv7e-m/fpu/crtbegin.o

.igot.plt       0x20000004        0x0 load address 0x08001a30
 .igot.plt      0x20000004        0x0 c:/users/bartosz/.p2/pool/plugins/fr.ac6.mcu.externaltools.arm-none.win32_1.13.1.201701200843/tools/compiler/bin/../lib/gcc/arm-none-eabi/5.4.1/armv7e-m/fpu/crtbegin.o
                0x20000004                . = ALIGN (0x4)

.bss            0x20000004      0x118 load address 0x08001a30
                0x20000004                _sbss = .
                0x20000004                __bss_start__ = _sbss
 *(.bss)
 .bss           0x20000004       0x1c c:/users/bartosz/.p2/pool/plugins/fr.ac6.mcu.externaltools.arm-none.win32_1.13.1.201701200843/tools/compiler/bin/../lib/gcc/arm-none-eabi/5.4.1/armv7e-m/fpu/crtbegin.o
 .bss           0x20000020        0x3 Application/User/main.o
                0x20000020                ALARM
                0x20000021                BUTTON2
                0x20000022                BUTTON
 *(.bss*)
 *(COMMON)
 *fill*         0x20000023        0x1 
 COMMON         0x20000024       0xf4 Application/User/main.o
                0x20000024                PomiarADC
                0x2000002c                Temperature
                0x20000030                htim10
                0x2000006c                hadc1
                0x200000b4                Vsense
                0x200000b8                hdma_adc1
 COMMON         0x20000118        0x4 Drivers/STM32F4xx_HAL_Driver/stm32f4xx_hal.o
                0x20000118                uwTick
                0x2000011c                . = ALIGN (0x4)
                0x2000011c                _ebss = .
                0x2000011c                __bss_end__ = _ebss

._user_heap_stack
                0x2000011c      0x604 load address 0x08001a30
                0x20000120                . = ALIGN (0x8)
 *fill*         0x2000011c        0x4 
                [!provide]                PROVIDE (end, .)
                [!provide]                PROVIDE (_end, .)
                0x20000320                . = (. + _Min_Heap_Size)
 *fill*         0x20000120      0x200 
                0x20000720                . = (. + _Min_Stack_Size)
 *fill*         0x20000320      0x400 
                0x20000720                . = ALIGN (0x8)

/DISCARD/
 libc.a(*)
 libm.a(*)
 libgcc.a(*)

.ARM.attributes
                0x00000000       0x30
 *(.ARM.attributes)
 .ARM.attributes
                0x00000000       0x22 c:/users/bartosz/.p2/pool/plugins/fr.ac6.mcu.externaltools.arm-none.win32_1.13.1.201701200843/tools/compiler/bin/../lib/gcc/arm-none-eabi/5.4.1/armv7e-m/fpu/crti.o
 .ARM.attributes
                0x00000022       0x34 c:/users/bartosz/.p2/pool/plugins/fr.ac6.mcu.externaltools.arm-none.win32_1.13.1.201701200843/tools/compiler/bin/../lib/gcc/arm-none-eabi/5.4.1/armv7e-m/fpu/crtbegin.o
 .ARM.attributes
                0x00000056       0x21 Application/SW4STM32/startup_stm32f411xe.o
 .ARM.attributes
                0x00000077       0x39 Application/User/main.o
 .ARM.attributes
                0x000000b0       0x39 Application/User/stm32f4xx_hal_msp.o
 .ARM.attributes
                0x000000e9       0x39 Application/User/stm32f4xx_it.o
 .ARM.attributes
                0x00000122       0x39 Drivers/CMSIS/system_stm32f4xx.o
 .ARM.attributes
                0x0000015b       0x39 Drivers/STM32F4xx_HAL_Driver/stm32f4xx_hal.o
 .ARM.attributes
                0x00000194       0x39 Drivers/STM32F4xx_HAL_Driver/stm32f4xx_hal_adc.o
 .ARM.attributes
                0x000001cd       0x39 Drivers/STM32F4xx_HAL_Driver/stm32f4xx_hal_cortex.o
 .ARM.attributes
                0x00000206       0x39 Drivers/STM32F4xx_HAL_Driver/stm32f4xx_hal_dma.o
 .ARM.attributes
                0x0000023f       0x39 Drivers/STM32F4xx_HAL_Driver/stm32f4xx_hal_gpio.o
 .ARM.attributes
                0x00000278       0x39 Drivers/STM32F4xx_HAL_Driver/stm32f4xx_hal_rcc.o
 .ARM.attributes
                0x000002b1       0x39 Drivers/STM32F4xx_HAL_Driver/stm32f4xx_hal_tim.o
 .ARM.attributes
                0x000002ea       0x39 Drivers/STM32F4xx_HAL_Driver/stm32f4xx_hal_tim_ex.o
 .ARM.attributes
                0x00000323       0x34 c:/users/bartosz/.p2/pool/plugins/fr.ac6.mcu.externaltools.arm-none.win32_1.13.1.201701200843/tools/compiler/bin/../lib/gcc/arm-none-eabi/5.4.1/../../../../arm-none-eabi/lib/armv7e-m/fpu\libc_nano.a(lib_a-init.o)
 .ARM.attributes
                0x00000357       0x22 c:/users/bartosz/.p2/pool/plugins/fr.ac6.mcu.externaltools.arm-none.win32_1.13.1.201701200843/tools/compiler/bin/../lib/gcc/arm-none-eabi/5.4.1/armv7e-m/fpu/crtn.o
OUTPUT(02_ADC_DMA_TEMP.elf elf32-littlearm)

.debug_line     0x00000000     0x8a49
 .debug_line    0x00000000       0xbd Application/SW4STM32/startup_stm32f411xe.o
 .debug_line    0x000000bd      0x9b1 Application/User/main.o
 .debug_line    0x00000a6e      0x8f3 Application/User/stm32f4xx_hal_msp.o
 .debug_line    0x00001361      0x912 Application/User/stm32f4xx_it.o
 .debug_line    0x00001c73      0x89f Drivers/CMSIS/system_stm32f4xx.o
 .debug_line    0x00002512      0x9fd Drivers/STM32F4xx_HAL_Driver/stm32f4xx_hal.o
 .debug_line    0x00002f0f      0xcd6 Drivers/STM32F4xx_HAL_Driver/stm32f4xx_hal_adc.o
 .debug_line    0x00003be5      0xa72 Drivers/STM32F4xx_HAL_Driver/stm32f4xx_hal_cortex.o
 .debug_line    0x00004657      0xb8d Drivers/STM32F4xx_HAL_Driver/stm32f4xx_hal_dma.o
 .debug_line    0x000051e4      0xa27 Drivers/STM32F4xx_HAL_Driver/stm32f4xx_hal_gpio.o
 .debug_line    0x00005c0b      0xbab Drivers/STM32F4xx_HAL_Driver/stm32f4xx_hal_rcc.o
 .debug_line    0x000067b6     0x1627 Drivers/STM32F4xx_HAL_Driver/stm32f4xx_hal_tim.o
 .debug_line    0x00007ddd      0xc6c Drivers/STM32F4xx_HAL_Driver/stm32f4xx_hal_tim_ex.o

.debug_info     0x00000000     0xb11f
 .debug_info    0x00000000       0xe2 Application/SW4STM32/startup_stm32f411xe.o
 .debug_info    0x000000e2     0x15ca Application/User/main.o
 .debug_info    0x000016ac      0xefe Application/User/stm32f4xx_hal_msp.o
 .debug_info    0x000025aa      0x6e6 Application/User/stm32f4xx_it.o
 .debug_info    0x00002c90      0x52a Drivers/CMSIS/system_stm32f4xx.o
 .debug_info    0x000031ba      0x874 Drivers/STM32F4xx_HAL_Driver/stm32f4xx_hal.o
 .debug_info    0x00003a2e      0xcba Drivers/STM32F4xx_HAL_Driver/stm32f4xx_hal_adc.o
 .debug_info    0x000046e8      0xdef Drivers/STM32F4xx_HAL_Driver/stm32f4xx_hal_cortex.o
 .debug_info    0x000054d7      0xa24 Drivers/STM32F4xx_HAL_Driver/stm32f4xx_hal_dma.o
 .debug_info    0x00005efb      0x75a Drivers/STM32F4xx_HAL_Driver/stm32f4xx_hal_gpio.o
 .debug_info    0x00006655      0xcc1 Drivers/STM32F4xx_HAL_Driver/stm32f4xx_hal_rcc.o
 .debug_info    0x00007316     0x2ea2 Drivers/STM32F4xx_HAL_Driver/stm32f4xx_hal_tim.o
 .debug_info    0x0000a1b8      0xf67 Drivers/STM32F4xx_HAL_Driver/stm32f4xx_hal_tim_ex.o

.debug_abbrev   0x00000000     0x1d49
 .debug_abbrev  0x00000000       0x12 Application/SW4STM32/startup_stm32f411xe.o
 .debug_abbrev  0x00000012      0x308 Application/User/main.o
 .debug_abbrev  0x0000031a      0x1e5 Application/User/stm32f4xx_hal_msp.o
 .debug_abbrev  0x000004ff      0x1d9 Application/User/stm32f4xx_it.o
 .debug_abbrev  0x000006d8      0x104 Drivers/CMSIS/system_stm32f4xx.o
 .debug_abbrev  0x000007dc      0x272 Drivers/STM32F4xx_HAL_Driver/stm32f4xx_hal.o
 .debug_abbrev  0x00000a4e      0x290 Drivers/STM32F4xx_HAL_Driver/stm32f4xx_hal_adc.o
 .debug_abbrev  0x00000cde      0x332 Drivers/STM32F4xx_HAL_Driver/stm32f4xx_hal_cortex.o
 .debug_abbrev  0x00001010      0x2a8 Drivers/STM32F4xx_HAL_Driver/stm32f4xx_hal_dma.o
 .debug_abbrev  0x000012b8      0x1cb Drivers/STM32F4xx_HAL_Driver/stm32f4xx_hal_gpio.o
 .debug_abbrev  0x00001483      0x321 Drivers/STM32F4xx_HAL_Driver/stm32f4xx_hal_rcc.o
 .debug_abbrev  0x000017a4      0x323 Drivers/STM32F4xx_HAL_Driver/stm32f4xx_hal_tim.o
 .debug_abbrev  0x00001ac7      0x282 Drivers/STM32F4xx_HAL_Driver/stm32f4xx_hal_tim_ex.o

.debug_aranges  0x00000000      0x7e0
 .debug_aranges
                0x00000000       0x28 Application/SW4STM32/startup_stm32f411xe.o
 .debug_aranges
                0x00000028       0x48 Application/User/main.o
 .debug_aranges
                0x00000070       0x40 Application/User/stm32f4xx_hal_msp.o
 .debug_aranges
                0x000000b0       0x68 Application/User/stm32f4xx_it.o
 .debug_aranges
                0x00000118       0x28 Drivers/CMSIS/system_stm32f4xx.o
 .debug_aranges
                0x00000140       0xb8 Drivers/STM32F4xx_HAL_Driver/stm32f4xx_hal.o
 .debug_aranges
                0x000001f8       0xb8 Drivers/STM32F4xx_HAL_Driver/stm32f4xx_hal_adc.o
 .debug_aranges
                0x000002b0       0x98 Drivers/STM32F4xx_HAL_Driver/stm32f4xx_hal_cortex.o
 .debug_aranges
                0x00000348       0x80 Drivers/STM32F4xx_HAL_Driver/stm32f4xx_hal_dma.o
 .debug_aranges
                0x000003c8       0x58 Drivers/STM32F4xx_HAL_Driver/stm32f4xx_hal_gpio.o
 .debug_aranges
                0x00000420       0x80 Drivers/STM32F4xx_HAL_Driver/stm32f4xx_hal_rcc.o
 .debug_aranges
                0x000004a0      0x250 Drivers/STM32F4xx_HAL_Driver/stm32f4xx_hal_tim.o
 .debug_aranges
                0x000006f0       0xf0 Drivers/STM32F4xx_HAL_Driver/stm32f4xx_hal_tim_ex.o

.debug_ranges   0x00000000      0xb28
 .debug_ranges  0x00000000       0x20 Application/SW4STM32/startup_stm32f411xe.o
 .debug_ranges  0x00000020      0x108 Application/User/main.o
 .debug_ranges  0x00000128       0x68 Application/User/stm32f4xx_hal_msp.o
 .debug_ranges  0x00000190       0x58 Application/User/stm32f4xx_it.o
 .debug_ranges  0x000001e8       0x18 Drivers/CMSIS/system_stm32f4xx.o
 .debug_ranges  0x00000200       0xa8 Drivers/STM32F4xx_HAL_Driver/stm32f4xx_hal.o
 .debug_ranges  0x000002a8       0xc0 Drivers/STM32F4xx_HAL_Driver/stm32f4xx_hal_adc.o
 .debug_ranges  0x00000368      0x148 Drivers/STM32F4xx_HAL_Driver/stm32f4xx_hal_cortex.o
 .debug_ranges  0x000004b0       0xa8 Drivers/STM32F4xx_HAL_Driver/stm32f4xx_hal_dma.o
 .debug_ranges  0x00000558       0x70 Drivers/STM32F4xx_HAL_Driver/stm32f4xx_hal_gpio.o
 .debug_ranges  0x000005c8      0x150 Drivers/STM32F4xx_HAL_Driver/stm32f4xx_hal_rcc.o
 .debug_ranges  0x00000718      0x330 Drivers/STM32F4xx_HAL_Driver/stm32f4xx_hal_tim.o
 .debug_ranges  0x00000a48       0xe0 Drivers/STM32F4xx_HAL_Driver/stm32f4xx_hal_tim_ex.o

.debug_loc      0x00000000     0x56a4
 .debug_loc     0x00000000       0x74 Application/User/main.o
 .debug_loc     0x00000074       0xb0 Application/User/stm32f4xx_hal_msp.o
 .debug_loc     0x00000124       0xd7 Drivers/CMSIS/system_stm32f4xx.o
 .debug_loc     0x000001fb       0x92 Drivers/STM32F4xx_HAL_Driver/stm32f4xx_hal.o
 .debug_loc     0x0000028d      0x771 Drivers/STM32F4xx_HAL_Driver/stm32f4xx_hal_adc.o
 .debug_loc     0x000009fe      0x4ab Drivers/STM32F4xx_HAL_Driver/stm32f4xx_hal_cortex.o
 .debug_loc     0x00000ea9      0x757 Drivers/STM32F4xx_HAL_Driver/stm32f4xx_hal_dma.o
 .debug_loc     0x00001600      0x370 Drivers/STM32F4xx_HAL_Driver/stm32f4xx_hal_gpio.o
 .debug_loc     0x00001970      0x485 Drivers/STM32F4xx_HAL_Driver/stm32f4xx_hal_rcc.o
 .debug_loc     0x00001df5     0x30f6 Drivers/STM32F4xx_HAL_Driver/stm32f4xx_hal_tim.o
 .debug_loc     0x00004eeb      0x7b9 Drivers/STM32F4xx_HAL_Driver/stm32f4xx_hal_tim_ex.o

.debug_macro    0x00000000    0x1689f
 .debug_macro   0x00000000      0x321 Application/User/main.o
 .debug_macro   0x00000321      0x89e Application/User/main.o
 .debug_macro   0x00000bbf       0x52 Application/User/main.o
 .debug_macro   0x00000c11      0x17f Application/User/main.o
 .debug_macro   0x00000d90       0x33 Application/User/main.o
 .debug_macro   0x00000dc3       0x28 Application/User/main.o
 .debug_macro   0x00000deb       0x22 Application/User/main.o
 .debug_macro   0x00000e0d       0x87 Application/User/main.o
 .debug_macro   0x00000e94       0x44 Application/User/main.o
 .debug_macro   0x00000ed8       0xfd Application/User/main.o
 .debug_macro   0x00000fd5       0x5e Application/User/main.o
 .debug_macro   0x00001033      0x1df Application/User/main.o
 .debug_macro   0x00001212       0x35 Application/User/main.o
 .debug_macro   0x00001247       0x50 Application/User/main.o
 .debug_macro   0x00001297      0xe66 Application/User/main.o
 .debug_macro   0x000020fd     0xb857 Application/User/main.o
 .debug_macro   0x0000d954       0x43 Application/User/main.o
 .debug_macro   0x0000d997     0x347f Application/User/main.o
 .debug_macro   0x00010e16       0x52 Application/User/main.o
 .debug_macro   0x00010e68       0x35 Application/User/main.o
 .debug_macro   0x00010e9d       0x9c Application/User/main.o
 .debug_macro   0x00010f39       0x16 Application/User/main.o
 .debug_macro   0x00010f4f       0x97 Application/User/main.o
 .debug_macro   0x00010fe6      0x30d Application/User/main.o
 .debug_macro   0x000112f3       0xfd Application/User/main.o
 .debug_macro   0x000113f0       0x10 Application/User/main.o
 .debug_macro   0x00011400       0x52 Application/User/main.o
 .debug_macro   0x00011452       0x1f Application/User/main.o
 .debug_macro   0x00011471       0x43 Application/User/main.o
 .debug_macro   0x000114b4       0x20 Application/User/main.o
 .debug_macro   0x000114d4      0x187 Application/User/main.o
 .debug_macro   0x0001165b       0x10 Application/User/main.o
 .debug_macro   0x0001166b       0x1c Application/User/main.o
 .debug_macro   0x00011687       0x52 Application/User/main.o
 .debug_macro   0x000116d9       0x40 Application/User/main.o
 .debug_macro   0x00011719       0x10 Application/User/main.o
 .debug_macro   0x00011729       0x40 Application/User/main.o
 .debug_macro   0x00011769       0xd7 Application/User/main.o
 .debug_macro   0x00011840       0x16 Application/User/main.o
 .debug_macro   0x00011856      0x18b Application/User/main.o
 .debug_macro   0x000119e1       0x50 Application/User/main.o
 .debug_macro   0x00011a31      0x45c Application/User/main.o
 .debug_macro   0x00011e8d      0x9e1 Application/User/main.o
 .debug_macro   0x0001286e      0x11e Application/User/main.o
 .debug_macro   0x0001298c      0x11b Application/User/main.o
 .debug_macro   0x00012aa7       0x27 Application/User/main.o
 .debug_macro   0x00012ace      0x287 Application/User/main.o
 .debug_macro   0x00012d55       0x5f Application/User/main.o
 .debug_macro   0x00012db4      0x23a Application/User/main.o
 .debug_macro   0x00012fee      0x391 Application/User/main.o
 .debug_macro   0x0001337f      0x176 Application/User/main.o
 .debug_macro   0x000134f5       0xf9 Application/User/main.o
 .debug_macro   0x000135ee      0x13a Application/User/main.o
 .debug_macro   0x00013728      0x264 Application/User/main.o
 .debug_macro   0x0001398c       0x2e Application/User/main.o
 .debug_macro   0x000139ba      0x11e Application/User/main.o
 .debug_macro   0x00013ad8       0x85 Application/User/main.o
 .debug_macro   0x00013b5d       0x89 Application/User/main.o
 .debug_macro   0x00013be6      0x6d9 Application/User/main.o
 .debug_macro   0x000142bf       0x5b Application/User/main.o
 .debug_macro   0x0001431a      0x14d Application/User/main.o
 .debug_macro   0x00014467      0x11e Application/User/main.o
 .debug_macro   0x00014585      0x31d Application/User/stm32f4xx_hal_msp.o
 .debug_macro   0x000148a2      0x327 Application/User/stm32f4xx_it.o
 .debug_macro   0x00014bc9      0x323 Drivers/CMSIS/system_stm32f4xx.o
 .debug_macro   0x00014eec      0x37d Drivers/STM32F4xx_HAL_Driver/stm32f4xx_hal.o
 .debug_macro   0x00015269      0x31e Drivers/STM32F4xx_HAL_Driver/stm32f4xx_hal_adc.o
 .debug_macro   0x00015587      0x31d Drivers/STM32F4xx_HAL_Driver/stm32f4xx_hal_cortex.o
 .debug_macro   0x000158a4      0x324 Drivers/STM32F4xx_HAL_Driver/stm32f4xx_hal_dma.o
 .debug_macro   0x00015bc8      0x355 Drivers/STM32F4xx_HAL_Driver/stm32f4xx_hal_gpio.o
 .debug_macro   0x00015f1d      0x347 Drivers/STM32F4xx_HAL_Driver/stm32f4xx_hal_rcc.o
 .debug_macro   0x00016264      0x31e Drivers/STM32F4xx_HAL_Driver/stm32f4xx_hal_tim.o
 .debug_macro   0x00016582      0x31d Drivers/STM32F4xx_HAL_Driver/stm32f4xx_hal_tim_ex.o

.debug_str      0x00000000    0x890e8
 .debug_str     0x00000000    0x86b9a Application/User/main.o
                              0x86f30 (size before relaxing)
 .debug_str     0x00086b9a      0x119 Application/User/stm32f4xx_hal_msp.o
                              0x86c62 (size before relaxing)
 .debug_str     0x00086cb3      0x181 Application/User/stm32f4xx_it.o
                              0x865e8 (size before relaxing)
 .debug_str     0x00086e34      0x11a Drivers/CMSIS/system_stm32f4xx.o
                              0x8627d (size before relaxing)
 .debug_str     0x00086f4e      0x587 Drivers/STM32F4xx_HAL_Driver/stm32f4xx_hal.o
                              0x86bce (size before relaxing)
 .debug_str     0x000874d5      0x28a Drivers/STM32F4xx_HAL_Driver/stm32f4xx_hal_adc.o
                              0x867b6 (size before relaxing)
 .debug_str     0x0008775f      0x327 Drivers/STM32F4xx_HAL_Driver/stm32f4xx_hal_cortex.o
                              0x86961 (size before relaxing)
 .debug_str     0x00087a86      0x31d Drivers/STM32F4xx_HAL_Driver/stm32f4xx_hal_dma.o
                              0x86680 (size before relaxing)
 .debug_str     0x00087da3      0x22d Drivers/STM32F4xx_HAL_Driver/stm32f4xx_hal_gpio.o
                              0x864f5 (size before relaxing)
 .debug_str     0x00087fd0      0x25b Drivers/STM32F4xx_HAL_Driver/stm32f4xx_hal_rcc.o
                              0x86684 (size before relaxing)
 .debug_str     0x0008822b      0xa67 Drivers/STM32F4xx_HAL_Driver/stm32f4xx_hal_tim.o
                              0x86ff1 (size before relaxing)
 .debug_str     0x00088c92      0x456 Drivers/STM32F4xx_HAL_Driver/stm32f4xx_hal_tim_ex.o
                              0x86a40 (size before relaxing)

.comment        0x00000000       0x6e
 .comment       0x00000000       0x6e Application/User/main.o
                                 0x6f (size before relaxing)
 .comment       0x0000006e       0x6f Application/User/stm32f4xx_hal_msp.o
 .comment       0x0000006e       0x6f Application/User/stm32f4xx_it.o
 .comment       0x0000006e       0x6f Drivers/CMSIS/system_stm32f4xx.o
 .comment       0x0000006e       0x6f Drivers/STM32F4xx_HAL_Driver/stm32f4xx_hal.o
 .comment       0x0000006e       0x6f Drivers/STM32F4xx_HAL_Driver/stm32f4xx_hal_adc.o
 .comment       0x0000006e       0x6f Drivers/STM32F4xx_HAL_Driver/stm32f4xx_hal_cortex.o
 .comment       0x0000006e       0x6f Drivers/STM32F4xx_HAL_Driver/stm32f4xx_hal_dma.o
 .comment       0x0000006e       0x6f Drivers/STM32F4xx_HAL_Driver/stm32f4xx_hal_gpio.o
 .comment       0x0000006e       0x6f Drivers/STM32F4xx_HAL_Driver/stm32f4xx_hal_rcc.o
 .comment       0x0000006e       0x6f Drivers/STM32F4xx_HAL_Driver/stm32f4xx_hal_tim.o
 .comment       0x0000006e       0x6f Drivers/STM32F4xx_HAL_Driver/stm32f4xx_hal_tim_ex.o

.debug_frame    0x00000000     0x1668
 .debug_frame   0x00000000       0xb4 Application/User/main.o
 .debug_frame   0x000000b4       0x98 Application/User/stm32f4xx_hal_msp.o
 .debug_frame   0x0000014c       0xec Application/User/stm32f4xx_it.o
 .debug_frame   0x00000238       0x30 Drivers/CMSIS/system_stm32f4xx.o
 .debug_frame   0x00000268      0x184 Drivers/STM32F4xx_HAL_Driver/stm32f4xx_hal.o
 .debug_frame   0x000003ec      0x23c Drivers/STM32F4xx_HAL_Driver/stm32f4xx_hal_adc.o
 .debug_frame   0x00000628      0x130 Drivers/STM32F4xx_HAL_Driver/stm32f4xx_hal_cortex.o
 .debug_frame   0x00000758      0x150 Drivers/STM32F4xx_HAL_Driver/stm32f4xx_hal_dma.o
 .debug_frame   0x000008a8       0xd4 Drivers/STM32F4xx_HAL_Driver/stm32f4xx_hal_gpio.o
 .debug_frame   0x0000097c      0x138 Drivers/STM32F4xx_HAL_Driver/stm32f4xx_hal_rcc.o
 .debug_frame   0x00000ab4      0x854 Drivers/STM32F4xx_HAL_Driver/stm32f4xx_hal_tim.o
 .debug_frame   0x00001308      0x334 Drivers/STM32F4xx_HAL_Driver/stm32f4xx_hal_tim_ex.o
 .debug_frame   0x0000163c       0x2c c:/users/bartosz/.p2/pool/plugins/fr.ac6.mcu.externaltools.arm-none.win32_1.13.1.201701200843/tools/compiler/bin/../lib/gcc/arm-none-eabi/5.4.1/../../../../arm-none-eabi/lib/armv7e-m/fpu\libc_nano.a(lib_a-init.o)
