Archive member included to satisfy reference by file (symbol)

c:/users/bartosz/.p2/pool/plugins/fr.ac6.mcu.externaltools.arm-none.win32_1.13.1.201701200843/tools/compiler/bin/../lib/gcc/arm-none-eabi/5.4.1/../../../../arm-none-eabi/lib/armv7e-m/fpu\libc_nano.a(lib_a-exit.o)
                              c:/users/bartosz/.p2/pool/plugins/fr.ac6.mcu.externaltools.arm-none.win32_1.13.1.201701200843/tools/compiler/bin/../lib/gcc/arm-none-eabi/5.4.1/../../../../arm-none-eabi/lib/armv7e-m/fpu/crt0.o (exit)
c:/users/bartosz/.p2/pool/plugins/fr.ac6.mcu.externaltools.arm-none.win32_1.13.1.201701200843/tools/compiler/bin/../lib/gcc/arm-none-eabi/5.4.1/../../../../arm-none-eabi/lib/armv7e-m/fpu\libc_nano.a(lib_a-impure.o)
                              c:/users/bartosz/.p2/pool/plugins/fr.ac6.mcu.externaltools.arm-none.win32_1.13.1.201701200843/tools/compiler/bin/../lib/gcc/arm-none-eabi/5.4.1/../../../../arm-none-eabi/lib/armv7e-m/fpu\libc_nano.a(lib_a-exit.o) (_global_impure_ptr)
c:/users/bartosz/.p2/pool/plugins/fr.ac6.mcu.externaltools.arm-none.win32_1.13.1.201701200843/tools/compiler/bin/../lib/gcc/arm-none-eabi/5.4.1/../../../../arm-none-eabi/lib/armv7e-m/fpu\libc_nano.a(lib_a-init.o)
                              c:/users/bartosz/.p2/pool/plugins/fr.ac6.mcu.externaltools.arm-none.win32_1.13.1.201701200843/tools/compiler/bin/../lib/gcc/arm-none-eabi/5.4.1/../../../../arm-none-eabi/lib/armv7e-m/fpu/crt0.o (__libc_init_array)
c:/users/bartosz/.p2/pool/plugins/fr.ac6.mcu.externaltools.arm-none.win32_1.13.1.201701200843/tools/compiler/bin/../lib/gcc/arm-none-eabi/5.4.1/../../../../arm-none-eabi/lib/armv7e-m/fpu\libc_nano.a(lib_a-memset.o)
                              c:/users/bartosz/.p2/pool/plugins/fr.ac6.mcu.externaltools.arm-none.win32_1.13.1.201701200843/tools/compiler/bin/../lib/gcc/arm-none-eabi/5.4.1/../../../../arm-none-eabi/lib/armv7e-m/fpu/crt0.o (memset)
c:/users/bartosz/.p2/pool/plugins/fr.ac6.mcu.externaltools.arm-none.win32_1.13.1.201701200843/tools/compiler/bin/../lib/gcc/arm-none-eabi/5.4.1/../../../../arm-none-eabi/lib/armv7e-m/fpu\libnosys.a(_exit.o)
                              c:/users/bartosz/.p2/pool/plugins/fr.ac6.mcu.externaltools.arm-none.win32_1.13.1.201701200843/tools/compiler/bin/../lib/gcc/arm-none-eabi/5.4.1/../../../../arm-none-eabi/lib/armv7e-m/fpu\libc_nano.a(lib_a-exit.o) (_exit)

Allocating common symbols
Common symbol       size              file

uwTick              0x4               Drivers/STM32F4xx_HAL_Driver/stm32f4xx_hal.o
pFlash              0x20              Drivers/STM32F4xx_HAL_Driver/stm32f4xx_hal_flash.o
hspi1               0x58              Application/User/main.o

Discarded input sections

 .text          0x00000000        0x0 c:/users/bartosz/.p2/pool/plugins/fr.ac6.mcu.externaltools.arm-none.win32_1.13.1.201701200843/tools/compiler/bin/../lib/gcc/arm-none-eabi/5.4.1/armv7e-m/fpu/crti.o
 .data          0x00000000        0x0 c:/users/bartosz/.p2/pool/plugins/fr.ac6.mcu.externaltools.arm-none.win32_1.13.1.201701200843/tools/compiler/bin/../lib/gcc/arm-none-eabi/5.4.1/armv7e-m/fpu/crti.o
 .bss           0x00000000        0x0 c:/users/bartosz/.p2/pool/plugins/fr.ac6.mcu.externaltools.arm-none.win32_1.13.1.201701200843/tools/compiler/bin/../lib/gcc/arm-none-eabi/5.4.1/armv7e-m/fpu/crti.o
 .data          0x00000000        0x4 c:/users/bartosz/.p2/pool/plugins/fr.ac6.mcu.externaltools.arm-none.win32_1.13.1.201701200843/tools/compiler/bin/../lib/gcc/arm-none-eabi/5.4.1/armv7e-m/fpu/crtbegin.o
 .text          0x00000000       0x74 c:/users/bartosz/.p2/pool/plugins/fr.ac6.mcu.externaltools.arm-none.win32_1.13.1.201701200843/tools/compiler/bin/../lib/gcc/arm-none-eabi/5.4.1/../../../../arm-none-eabi/lib/armv7e-m/fpu/crt0.o
 .data          0x00000000        0x0 c:/users/bartosz/.p2/pool/plugins/fr.ac6.mcu.externaltools.arm-none.win32_1.13.1.201701200843/tools/compiler/bin/../lib/gcc/arm-none-eabi/5.4.1/../../../../arm-none-eabi/lib/armv7e-m/fpu/crt0.o
 .bss           0x00000000        0x0 c:/users/bartosz/.p2/pool/plugins/fr.ac6.mcu.externaltools.arm-none.win32_1.13.1.201701200843/tools/compiler/bin/../lib/gcc/arm-none-eabi/5.4.1/../../../../arm-none-eabi/lib/armv7e-m/fpu/crt0.o
 .ARM.extab     0x00000000        0x0 c:/users/bartosz/.p2/pool/plugins/fr.ac6.mcu.externaltools.arm-none.win32_1.13.1.201701200843/tools/compiler/bin/../lib/gcc/arm-none-eabi/5.4.1/../../../../arm-none-eabi/lib/armv7e-m/fpu/crt0.o
 .ARM.exidx     0x00000000        0x8 c:/users/bartosz/.p2/pool/plugins/fr.ac6.mcu.externaltools.arm-none.win32_1.13.1.201701200843/tools/compiler/bin/../lib/gcc/arm-none-eabi/5.4.1/../../../../arm-none-eabi/lib/armv7e-m/fpu/crt0.o
 .ARM.attributes
                0x00000000       0x20 c:/users/bartosz/.p2/pool/plugins/fr.ac6.mcu.externaltools.arm-none.win32_1.13.1.201701200843/tools/compiler/bin/../lib/gcc/arm-none-eabi/5.4.1/../../../../arm-none-eabi/lib/armv7e-m/fpu/crt0.o
[...]
Memory Configuration

Name             Origin             Length             Attributes
RAM              0x20000000         0x00020000         xrw
FLASH            0x08000000         0x00080000         xr
*default*        0x00000000         0xffffffff

Linker script and memory map

LOAD c:/users/bartosz/.p2/pool/plugins/fr.ac6.mcu.externaltools.arm-none.win32_1.13.1.201701200843/tools/compiler/bin/../lib/gcc/arm-none-eabi/5.4.1/armv7e-m/fpu/crti.o
LOAD c:/users/bartosz/.p2/pool/plugins/fr.ac6.mcu.externaltools.arm-none.win32_1.13.1.201701200843/tools/compiler/bin/../lib/gcc/arm-none-eabi/5.4.1/armv7e-m/fpu/crtbegin.o
LOAD c:/users/bartosz/.p2/pool/plugins/fr.ac6.mcu.externaltools.arm-none.win32_1.13.1.201701200843/tools/compiler/bin/../lib/gcc/arm-none-eabi/5.4.1/../../../../arm-none-eabi/lib/armv7e-m/fpu/crt0.o
LOAD c:/users/bartosz/.p2/pool/plugins/fr.ac6.mcu.externaltools.arm-none.win32_1.13.1.201701200843/tools/compiler/bin/../lib/gcc/arm-none-eabi/5.4.1/../../../../arm-none-eabi/lib/armv7e-m/fpu\libm.a
LOAD Application/SW4STM32/startup_stm32f411xe.o
LOAD Application/User/Fonts.o
LOAD Application/User/SSD1331.o
LOAD Application/User/main.o
LOAD Application/User/stm32f4xx_hal_msp.o
LOAD Application/User/stm32f4xx_it.o
LOAD Drivers/CMSIS/system_stm32f4xx.o
LOAD Drivers/STM32F4xx_HAL_Driver/stm32f4xx_hal.o
LOAD Drivers/STM32F4xx_HAL_Driver/stm32f4xx_hal_cortex.o
LOAD Drivers/STM32F4xx_HAL_Driver/stm32f4xx_hal_dma.o
LOAD Drivers/STM32F4xx_HAL_Driver/stm32f4xx_hal_dma_ex.o
LOAD Drivers/STM32F4xx_HAL_Driver/stm32f4xx_hal_flash.o
LOAD Drivers/STM32F4xx_HAL_Driver/stm32f4xx_hal_flash_ex.o
LOAD Drivers/STM32F4xx_HAL_Driver/stm32f4xx_hal_flash_ramfunc.o
LOAD Drivers/STM32F4xx_HAL_Driver/stm32f4xx_hal_gpio.o
LOAD Drivers/STM32F4xx_HAL_Driver/stm32f4xx_hal_pwr.o
LOAD Drivers/STM32F4xx_HAL_Driver/stm32f4xx_hal_pwr_ex.o
LOAD Drivers/STM32F4xx_HAL_Driver/stm32f4xx_hal_rcc.o
LOAD Drivers/STM32F4xx_HAL_Driver/stm32f4xx_hal_rcc_ex.o
LOAD Drivers/STM32F4xx_HAL_Driver/stm32f4xx_hal_spi.o
LOAD Drivers/STM32F4xx_HAL_Driver/stm32f4xx_hal_tim.o
LOAD Drivers/STM32F4xx_HAL_Driver/stm32f4xx_hal_tim_ex.o
START GROUP
LOAD c:/users/bartosz/.p2/pool/plugins/fr.ac6.mcu.externaltools.arm-none.win32_1.13.1.201701200843/tools/compiler/bin/../lib/gcc/arm-none-eabi/5.4.1/armv7e-m/fpu\libgcc.a
LOAD c:/users/bartosz/.p2/pool/plugins/fr.ac6.mcu.externaltools.arm-none.win32_1.13.1.201701200843/tools/compiler/bin/../lib/gcc/arm-none-eabi/5.4.1/../../../../arm-none-eabi/lib/armv7e-m/fpu\libc_nano.a
END GROUP
START GROUP
LOAD c:/users/bartosz/.p2/pool/plugins/fr.ac6.mcu.externaltools.arm-none.win32_1.13.1.201701200843/tools/compiler/bin/../lib/gcc/arm-none-eabi/5.4.1/armv7e-m/fpu\libgcc.a
LOAD c:/users/bartosz/.p2/pool/plugins/fr.ac6.mcu.externaltools.arm-none.win32_1.13.1.201701200843/tools/compiler/bin/../lib/gcc/arm-none-eabi/5.4.1/../../../../arm-none-eabi/lib/armv7e-m/fpu\libc_nano.a
LOAD c:/users/bartosz/.p2/pool/plugins/fr.ac6.mcu.externaltools.arm-none.win32_1.13.1.201701200843/tools/compiler/bin/../lib/gcc/arm-none-eabi/5.4.1/../../../../arm-none-eabi/lib/armv7e-m/fpu\libnosys.a
END GROUP
START GROUP
LOAD c:/users/bartosz/.p2/pool/plugins/fr.ac6.mcu.externaltools.arm-none.win32_1.13.1.201701200843/tools/compiler/bin/../lib/gcc/arm-none-eabi/5.4.1/armv7e-m/fpu\libgcc.a
LOAD c:/users/bartosz/.p2/pool/plugins/fr.ac6.mcu.externaltools.arm-none.win32_1.13.1.201701200843/tools/compiler/bin/../lib/gcc/arm-none-eabi/5.4.1/../../../../arm-none-eabi/lib/armv7e-m/fpu\libc_nano.a
LOAD c:/users/bartosz/.p2/pool/plugins/fr.ac6.mcu.externaltools.arm-none.win32_1.13.1.201701200843/tools/compiler/bin/../lib/gcc/arm-none-eabi/5.4.1/../../../../arm-none-eabi/lib/armv7e-m/fpu\libnosys.a
END GROUP
LOAD c:/users/bartosz/.p2/pool/plugins/fr.ac6.mcu.externaltools.arm-none.win32_1.13.1.201701200843/tools/compiler/bin/../lib/gcc/arm-none-eabi/5.4.1/armv7e-m/fpu/crtend.o
LOAD c:/users/bartosz/.p2/pool/plugins/fr.ac6.mcu.externaltools.arm-none.win32_1.13.1.201701200843/tools/compiler/bin/../lib/gcc/arm-none-eabi/5.4.1/armv7e-m/fpu/crtn.o
                0x20020000                _estack = 0x20020000
                0x00000200                _Min_Heap_Size = 0x200
                0x00000400                _Min_Stack_Size = 0x400

.isr_vector     0x08000000      0x198
                0x08000000                . = ALIGN (0x4)
 *(.isr_vector)
 .isr_vector    0x08000000      0x198 Application/SW4STM32/startup_stm32f411xe.o
                0x08000000                g_pfnVectors
                0x08000198                . = ALIGN (0x4)

.text           0x08000198     0x11d0
                0x08000198                . = ALIGN (0x4)
 *(.text)
 .text          0x08000198       0x5c c:/users/bartosz/.p2/pool/plugins/fr.ac6.mcu.externaltools.arm-none.win32_1.13.1.201701200843/tools/compiler/bin/../lib/gcc/arm-none-eabi/5.4.1/armv7e-m/fpu/crtbegin.o
 *(.text*)
 .text.Reset_Handler
                0x080001f4       0x50 Application/SW4STM32/startup_stm32f411xe.o
                0x080001f4                Reset_Handler
 .text.Default_Handler
                0x08000244        0x2 Application/SW4STM32/startup_stm32f411xe.o
                0x08000244                RTC_Alarm_IRQHandler
                0x08000244                EXTI2_IRQHandler
                0x08000244                SPI4_IRQHandler
                0x08000244                TIM1_CC_IRQHandler
                0x08000244                DMA2_Stream5_IRQHandler
                0x08000244                DMA1_Stream5_IRQHandler
                0x08000244                PVD_IRQHandler
                0x08000244                SDIO_IRQHandler
                0x08000244                TAMP_STAMP_IRQHandler
                0x08000244                EXTI3_IRQHandler
                0x08000244                TIM1_UP_TIM10_IRQHandler
                0x08000244                I2C3_ER_IRQHandler
                0x08000244                EXTI0_IRQHandler
                0x08000244                I2C2_EV_IRQHandler
                0x08000244                DMA1_Stream2_IRQHandler
                0x08000244                FPU_IRQHandler
                0x08000244                DMA2_Stream2_IRQHandler
                0x08000244                SPI1_IRQHandler
                0x08000244                TIM1_BRK_TIM9_IRQHandler
                0x08000244                DMA2_Stream3_IRQHandler
                0x08000244                USART6_IRQHandler
                0x08000244                DMA2_Stream0_IRQHandler
                0x08000244                TIM4_IRQHandler
                0x08000244                I2C1_EV_IRQHandler
                0x08000244                DMA1_Stream6_IRQHandler
                0x08000244                DMA1_Stream1_IRQHandler
                0x08000244                TIM3_IRQHandler
                0x08000244                RCC_IRQHandler
                0x08000244                Default_Handler
                0x08000244                EXTI15_10_IRQHandler
                0x08000244                ADC_IRQHandler
                0x08000244                DMA1_Stream7_IRQHandler
                0x08000244                SPI5_IRQHandler
                0x08000244                TIM5_IRQHandler
                0x08000244                DMA2_Stream7_IRQHandler
                0x08000244                I2C3_EV_IRQHandler
                0x08000244                EXTI9_5_IRQHandler
                0x08000244                RTC_WKUP_IRQHandler
                0x08000244                SPI2_IRQHandler
                0x08000244                DMA1_Stream0_IRQHandler
                0x08000244                EXTI4_IRQHandler
                0x08000244                WWDG_IRQHandler
                0x08000244                TIM2_IRQHandler
                0x08000244                OTG_FS_WKUP_IRQHandler
                0x08000244                TIM1_TRG_COM_TIM11_IRQHandler
                0x08000244                EXTI1_IRQHandler
                0x08000244                USART2_IRQHandler
                0x08000244                I2C2_ER_IRQHandler
                0x08000244                DMA2_Stream1_IRQHandler
                0x08000244                FLASH_IRQHandler
                0x08000244                DMA2_Stream4_IRQHandler
                0x08000244                USART1_IRQHandler
                0x08000244                OTG_FS_IRQHandler
                0x08000244                SPI3_IRQHandler
                0x08000244                DMA1_Stream4_IRQHandler
                0x08000244                I2C1_ER_IRQHandler
                0x08000244                DMA2_Stream6_IRQHandler
                0x08000244                DMA1_Stream3_IRQHandler
 *fill*         0x08000246        0x2 
 .text.ssd1331_write_byte
                0x08000248       0x54 Application/User/SSD1331.o
 .text.ssd1331_draw_point
                0x0800029c       0x56 Application/User/SSD1331.o
                0x0800029c                ssd1331_draw_point
 *fill*         0x080002f2        0x2 
 .text.ssd1331_display_char
                0x080002f4       0xa0 Application/User/SSD1331.o
                0x080002f4                ssd1331_display_char
 .text.ssd1331_clear_screen
                0x08000394       0x24 Application/User/SSD1331.o
                0x08000394                ssd1331_clear_screen
 .text.ssd1331_display_string
                0x080003b8       0x60 Application/User/SSD1331.o
                0x080003b8                ssd1331_display_string
 .text.ssd1331_init
                0x08000418      0x158 Application/User/SSD1331.o
                0x08000418                ssd1331_init
 .text.SystemClock_Config
                0x08000570       0xa8 Application/User/main.o
                0x08000570                SystemClock_Config
 .text.startup.main
                0x08000618      0x14c Application/User/main.o
                0x08000618                main
 .text.HAL_MspInit
                0x08000764       0x60 Application/User/stm32f4xx_hal_msp.o
                0x08000764                HAL_MspInit
 .text.HAL_SPI_MspInit
                0x080007c4       0x4c Application/User/stm32f4xx_hal_msp.o
                0x080007c4                HAL_SPI_MspInit
 .text.NMI_Handler
                0x08000810        0x2 Application/User/stm32f4xx_it.o
                0x08000810                NMI_Handler
 .text.HardFault_Handler
                0x08000812        0x2 Application/User/stm32f4xx_it.o
                0x08000812                HardFault_Handler
 .text.MemManage_Handler
                0x08000814        0x2 Application/User/stm32f4xx_it.o
                0x08000814                MemManage_Handler
 .text.BusFault_Handler
                0x08000816        0x2 Application/User/stm32f4xx_it.o
                0x08000816                BusFault_Handler
 .text.UsageFault_Handler
                0x08000818        0x2 Application/User/stm32f4xx_it.o
                0x08000818                UsageFault_Handler
 .text.SVC_Handler
                0x0800081a        0x2 Application/User/stm32f4xx_it.o
                0x0800081a                SVC_Handler
 .text.DebugMon_Handler
                0x0800081c        0x2 Application/User/stm32f4xx_it.o
                0x0800081c                DebugMon_Handler
 .text.PendSV_Handler
                0x0800081e        0x2 Application/User/stm32f4xx_it.o
                0x0800081e                PendSV_Handler
 .text.SysTick_Handler
                0x08000820        0xe Application/User/stm32f4xx_it.o
                0x08000820                SysTick_Handler
 *fill*         0x0800082e        0x2 
 .text.SystemInit
                0x08000830       0x4c Drivers/CMSIS/system_stm32f4xx.o
                0x08000830                SystemInit
 .text.HAL_InitTick
                0x0800087c       0x28 Drivers/STM32F4xx_HAL_Driver/stm32f4xx_hal.o
                0x0800087c                HAL_InitTick
 .text.HAL_Init
                0x080008a4       0x34 Drivers/STM32F4xx_HAL_Driver/stm32f4xx_hal.o
                0x080008a4                HAL_Init
 .text.HAL_IncTick
                0x080008d8       0x10 Drivers/STM32F4xx_HAL_Driver/stm32f4xx_hal.o
                0x080008d8                HAL_IncTick
 .text.HAL_GetTick
                0x080008e8        0xc Drivers/STM32F4xx_HAL_Driver/stm32f4xx_hal.o
                0x080008e8                HAL_GetTick
 .text.HAL_NVIC_SetPriorityGrouping
                0x080008f4       0x24 Drivers/STM32F4xx_HAL_Driver/stm32f4xx_hal_cortex.o
                0x080008f4                HAL_NVIC_SetPriorityGrouping
 .text.HAL_NVIC_SetPriority
                0x08000918       0x68 Drivers/STM32F4xx_HAL_Driver/stm32f4xx_hal_cortex.o
                0x08000918                HAL_NVIC_SetPriority
 .text.HAL_SYSTICK_Config
                0x08000980       0x2c Drivers/STM32F4xx_HAL_Driver/stm32f4xx_hal_cortex.o
                0x08000980                HAL_SYSTICK_Config
 .text.HAL_SYSTICK_CLKSourceConfig
                0x080009ac       0x18 Drivers/STM32F4xx_HAL_Driver/stm32f4xx_hal_cortex.o
                0x080009ac                HAL_SYSTICK_CLKSourceConfig
 .text.HAL_SYSTICK_Callback
                0x080009c4        0x2 Drivers/STM32F4xx_HAL_Driver/stm32f4xx_hal_cortex.o
                0x080009c4                HAL_SYSTICK_Callback
 .text.HAL_SYSTICK_IRQHandler
                0x080009c6        0x8 Drivers/STM32F4xx_HAL_Driver/stm32f4xx_hal_cortex.o
                0x080009c6                HAL_SYSTICK_IRQHandler
 *fill*         0x080009ce        0x2 
 .text.HAL_GPIO_Init
                0x080009d0      0x19c Drivers/STM32F4xx_HAL_Driver/stm32f4xx_hal_gpio.o
                0x080009d0                HAL_GPIO_Init
 .text.HAL_GPIO_WritePin
                0x08000b6c        0x8 Drivers/STM32F4xx_HAL_Driver/stm32f4xx_hal_gpio.o
                0x08000b6c                HAL_GPIO_WritePin
 .text.HAL_RCC_OscConfig
                0x08000b74      0x31c Drivers/STM32F4xx_HAL_Driver/stm32f4xx_hal_rcc.o
                0x08000b74                HAL_RCC_OscConfig
 .text.HAL_RCC_GetSysClockFreq
                0x08000e90       0x7c Drivers/STM32F4xx_HAL_Driver/stm32f4xx_hal_rcc.o
                0x08000e90                HAL_RCC_GetSysClockFreq
 .text.HAL_RCC_ClockConfig
                0x08000f0c      0x168 Drivers/STM32F4xx_HAL_Driver/stm32f4xx_hal_rcc.o
                0x08000f0c                HAL_RCC_ClockConfig
 .text.HAL_RCC_GetHCLKFreq
                0x08001074        0xc Drivers/STM32F4xx_HAL_Driver/stm32f4xx_hal_rcc.o
                0x08001074                HAL_RCC_GetHCLKFreq
 .text.SPI_WaitFlagStateUntilTimeout
                0x08001080       0x8e Drivers/STM32F4xx_HAL_Driver/stm32f4xx_hal_spi.o
 .text.SPI_CheckFlag_BSY
                0x0800110e       0x20 Drivers/STM32F4xx_HAL_Driver/stm32f4xx_hal_spi.o
 .text.HAL_SPI_Init
                0x0800112e       0x7a Drivers/STM32F4xx_HAL_Driver/stm32f4xx_hal_spi.o
                0x0800112e                HAL_SPI_Init
 .text.HAL_SPI_Transmit
                0x080011a8      0x15a Drivers/STM32F4xx_HAL_Driver/stm32f4xx_hal_spi.o
                0x080011a8                HAL_SPI_Transmit
 *fill*         0x08001302        0x2 
 .text.__libc_init_array
                0x08001304       0x4c c:/users/bartosz/.p2/pool/plugins/fr.ac6.mcu.externaltools.arm-none.win32_1.13.1.201701200843/tools/compiler/bin/../lib/gcc/arm-none-eabi/5.4.1/../../../../arm-none-eabi/lib/armv7e-m/fpu\libc_nano.a(lib_a-init.o)
                0x08001304                __libc_init_array
 *(.glue_7)
 .glue_7        0x08001350        0x0 linker stubs
 *(.glue_7t)
 .glue_7t       0x08001350        0x0 linker stubs
 *(.eh_frame)
 .eh_frame      0x08001350        0x0 c:/users/bartosz/.p2/pool/plugins/fr.ac6.mcu.externaltools.arm-none.win32_1.13.1.201701200843/tools/compiler/bin/../lib/gcc/arm-none-eabi/5.4.1/armv7e-m/fpu/crtbegin.o
 *(.init)
 .init          0x08001350        0x4 c:/users/bartosz/.p2/pool/plugins/fr.ac6.mcu.externaltools.arm-none.win32_1.13.1.201701200843/tools/compiler/bin/../lib/gcc/arm-none-eabi/5.4.1/armv7e-m/fpu/crti.o
                0x08001350                _init
 .init          0x08001354        0x8 c:/users/bartosz/.p2/pool/plugins/fr.ac6.mcu.externaltools.arm-none.win32_1.13.1.201701200843/tools/compiler/bin/../lib/gcc/arm-none-eabi/5.4.1/armv7e-m/fpu/crtn.o
 *(.fini)
 .fini          0x0800135c        0x4 c:/users/bartosz/.p2/pool/plugins/fr.ac6.mcu.externaltools.arm-none.win32_1.13.1.201701200843/tools/compiler/bin/../lib/gcc/arm-none-eabi/5.4.1/armv7e-m/fpu/crti.o
                0x0800135c                _fini
 .fini          0x08001360        0x8 c:/users/bartosz/.p2/pool/plugins/fr.ac6.mcu.externaltools.arm-none.win32_1.13.1.201701200843/tools/compiler/bin/../lib/gcc/arm-none-eabi/5.4.1/armv7e-m/fpu/crtn.o
                0x08001368                . = ALIGN (0x4)
                0x08001368                _etext = .

.vfp11_veneer   0x08001368        0x0
 .vfp11_veneer  0x08001368        0x0 linker stubs

.v4_bx          0x08001368        0x0
 .v4_bx         0x08001368        0x0 linker stubs

.iplt           0x08001368        0x0
 .iplt          0x08001368        0x0 c:/users/bartosz/.p2/pool/plugins/fr.ac6.mcu.externaltools.arm-none.win32_1.13.1.201701200843/tools/compiler/bin/../lib/gcc/arm-none-eabi/5.4.1/armv7e-m/fpu/crtbegin.o

.rodata         0x08001368      0xf58
                0x08001368                . = ALIGN (0x4)
 *(.rodata)
 .rodata        0x08001368      0xf2c Application/User/Fonts.o
                0x08001368                c_chAlarm88
                0x08001370                c_chGPRS88
                0x08001378                c_chBluetooth88
                0x08001380                c_chBat816
                0x08001390                c_chMsg816
                0x080013a0                c_chSingal816
                0x080013b0                c_chBmp4016
                0x08001410                c_chFont3216
                0x080016d0                c_chFont1612
                0x08001830                c_chFont1608
                0x08001e20                c_chFont1206
 .rodata        0x08002294       0x10 Drivers/STM32F4xx_HAL_Driver/stm32f4xx_hal_rcc.o
                0x08002294                APBAHBPrescTable
 *(.rodata*)
 .rodata.str1.1
                0x080022a4       0x1a Application/User/main.o
                0x080022c0                . = ALIGN (0x4)
 *fill*         0x080022be        0x2 

.rel.dyn        0x080022c0        0x0
 .rel.iplt      0x080022c0        0x0 c:/users/bartosz/.p2/pool/plugins/fr.ac6.mcu.externaltools.arm-none.win32_1.13.1.201701200843/tools/compiler/bin/../lib/gcc/arm-none-eabi/5.4.1/armv7e-m/fpu/crtbegin.o

.ARM.extab
 *(.ARM.extab* .gnu.linkonce.armextab.*)

.ARM            0x080022c0        0x0
                0x080022c0                __exidx_start = .
 *(.ARM.exidx*)
                0x080022c0                __exidx_end = .

.preinit_array  0x080022c0        0x0
                0x080022c0                PROVIDE (__preinit_array_start, .)
 *(.preinit_array*)
                0x080022c0                PROVIDE (__preinit_array_end, .)

.init_array     0x080022c0        0x4
                0x080022c0                PROVIDE (__init_array_start, .)
 *(SORT(.init_array.*))
 *(.init_array*)
 .init_array    0x080022c0        0x4 c:/users/bartosz/.p2/pool/plugins/fr.ac6.mcu.externaltools.arm-none.win32_1.13.1.201701200843/tools/compiler/bin/../lib/gcc/arm-none-eabi/5.4.1/armv7e-m/fpu/crtbegin.o
                0x080022c4                PROVIDE (__init_array_end, .)

.fini_array     0x080022c4        0x4
                [!provide]                PROVIDE (__fini_array_start, .)
 *(SORT(.fini_array.*))
 *(.fini_array*)
 .fini_array    0x080022c4        0x4 c:/users/bartosz/.p2/pool/plugins/fr.ac6.mcu.externaltools.arm-none.win32_1.13.1.201701200843/tools/compiler/bin/../lib/gcc/arm-none-eabi/5.4.1/armv7e-m/fpu/crtbegin.o
                [!provide]                PROVIDE (__fini_array_end, .)
                0x080022c8                _sidata = LOADADDR (.data)

.data           0x20000000        0x4 load address 0x080022c8
                0x20000000                . = ALIGN (0x4)
                0x20000000                _sdata = .
 *(.data)
 .data          0x20000000        0x4 Drivers/CMSIS/system_stm32f4xx.o
                0x20000000                SystemCoreClock
 *(.data*)
                0x20000004                . = ALIGN (0x4)
                0x20000004                _edata = .

.jcr            0x20000004        0x0 load address 0x080022cc
 .jcr           0x20000004        0x0 c:/users/bartosz/.p2/pool/plugins/fr.ac6.mcu.externaltools.arm-none.win32_1.13.1.201701200843/tools/compiler/bin/../lib/gcc/arm-none-eabi/5.4.1/armv7e-m/fpu/crtbegin.o

.igot.plt       0x20000004        0x0 load address 0x080022cc
 .igot.plt      0x20000004        0x0 c:/users/bartosz/.p2/pool/plugins/fr.ac6.mcu.externaltools.arm-none.win32_1.13.1.201701200843/tools/compiler/bin/../lib/gcc/arm-none-eabi/5.4.1/armv7e-m/fpu/crtbegin.o
                0x20000004                . = ALIGN (0x4)

.bss            0x20000004       0x78 load address 0x080022cc
                0x20000004                _sbss = .
                0x20000004                __bss_start__ = _sbss
 *(.bss)
 .bss           0x20000004       0x1c c:/users/bartosz/.p2/pool/plugins/fr.ac6.mcu.externaltools.arm-none.win32_1.13.1.201701200843/tools/compiler/bin/../lib/gcc/arm-none-eabi/5.4.1/armv7e-m/fpu/crtbegin.o
 *(.bss*)
 *(COMMON)
 COMMON         0x20000020       0x58 Application/User/main.o
                0x20000020                hspi1
 COMMON         0x20000078        0x4 Drivers/STM32F4xx_HAL_Driver/stm32f4xx_hal.o
                0x20000078                uwTick
                0x2000007c                . = ALIGN (0x4)
                0x2000007c                _ebss = .
                0x2000007c                __bss_end__ = _ebss

._user_heap_stack
                0x2000007c      0x604 load address 0x080022cc
                0x20000080                . = ALIGN (0x8)
 *fill*         0x2000007c        0x4 
                [!provide]                PROVIDE (end, .)
                [!provide]                PROVIDE (_end, .)
                0x20000280                . = (. + _Min_Heap_Size)
 *fill*         0x20000080      0x200 
                0x20000680                . = (. + _Min_Stack_Size)
 *fill*         0x20000280      0x400 
                0x20000680                . = ALIGN (0x8)

/DISCARD/
 libc.a(*)
 libm.a(*)
 libgcc.a(*)

.ARM.attributes
                0x00000000       0x30
 *(.ARM.attributes)
 .ARM.attributes
                0x00000000       0x22 c:/users/bartosz/.p2/pool/plugins/fr.ac6.mcu.externaltools.arm-none.win32_1.13.1.201701200843/tools/compiler/bin/../lib/gcc/arm-none-eabi/5.4.1/armv7e-m/fpu/crti.o
 .ARM.attributes
                0x00000022       0x34 c:/users/bartosz/.p2/pool/plugins/fr.ac6.mcu.externaltools.arm-none.win32_1.13.1.201701200843/tools/compiler/bin/../lib/gcc/arm-none-eabi/5.4.1/armv7e-m/fpu/crtbegin.o
 .ARM.attributes
                0x00000056       0x21 Application/SW4STM32/startup_stm32f411xe.o
 .ARM.attributes
                0x00000077       0x39 Application/User/Fonts.o
 .ARM.attributes
                0x000000b0       0x39 Application/User/SSD1331.o
 .ARM.attributes
                0x000000e9       0x39 Application/User/main.o
 .ARM.attributes
                0x00000122       0x39 Application/User/stm32f4xx_hal_msp.o
 .ARM.attributes
                0x0000015b       0x39 Application/User/stm32f4xx_it.o
 .ARM.attributes
                0x00000194       0x39 Drivers/CMSIS/system_stm32f4xx.o
 .ARM.attributes
                0x000001cd       0x39 Drivers/STM32F4xx_HAL_Driver/stm32f4xx_hal.o
 .ARM.attributes
                0x00000206       0x39 Drivers/STM32F4xx_HAL_Driver/stm32f4xx_hal_cortex.o
 .ARM.attributes
                0x0000023f       0x39 Drivers/STM32F4xx_HAL_Driver/stm32f4xx_hal_gpio.o
 .ARM.attributes
                0x00000278       0x39 Drivers/STM32F4xx_HAL_Driver/stm32f4xx_hal_rcc.o
 .ARM.attributes
                0x000002b1       0x39 Drivers/STM32F4xx_HAL_Driver/stm32f4xx_hal_spi.o
 .ARM.attributes
                0x000002ea       0x34 c:/users/bartosz/.p2/pool/plugins/fr.ac6.mcu.externaltools.arm-none.win32_1.13.1.201701200843/tools/compiler/bin/../lib/gcc/arm-none-eabi/5.4.1/../../../../arm-none-eabi/lib/armv7e-m/fpu\libc_nano.a(lib_a-init.o)
 .ARM.attributes
                0x0000031e       0x22 c:/users/bartosz/.p2/pool/plugins/fr.ac6.mcu.externaltools.arm-none.win32_1.13.1.201701200843/tools/compiler/bin/../lib/gcc/arm-none-eabi/5.4.1/armv7e-m/fpu/crtn.o
OUTPUT(07_SPI_OLED.elf elf32-littlearm)

.debug_line     0x00000000     0x6ead
 .debug_line    0x00000000       0xb9 Application/SW4STM32/startup_stm32f411xe.o
 .debug_line    0x000000b9      0x80e Application/User/Fonts.o
 .debug_line    0x000008c7      0xb57 Application/User/SSD1331.o
 .debug_line    0x0000141e      0x911 Application/User/main.o
 .debug_line    0x00001d2f      0x84d Application/User/stm32f4xx_hal_msp.o
 .debug_line    0x0000257c      0x86b Application/User/stm32f4xx_it.o
 .debug_line    0x00002de7      0x83c Drivers/CMSIS/system_stm32f4xx.o
 .debug_line    0x00003623      0x99a Drivers/STM32F4xx_HAL_Driver/stm32f4xx_hal.o
 .debug_line    0x00003fbd      0xa0f Drivers/STM32F4xx_HAL_Driver/stm32f4xx_hal_cortex.o
 .debug_line    0x000049cc      0x9c4 Drivers/STM32F4xx_HAL_Driver/stm32f4xx_hal_gpio.o
 .debug_line    0x00005390      0xb48 Drivers/STM32F4xx_HAL_Driver/stm32f4xx_hal_rcc.o
 .debug_line    0x00005ed8      0xfd5 Drivers/STM32F4xx_HAL_Driver/stm32f4xx_hal_spi.o

.debug_info     0x00000000     0x7e9d
 .debug_info    0x00000000       0xd6 Application/SW4STM32/startup_stm32f411xe.o
 .debug_info    0x000000d6      0x23f Application/User/Fonts.o
 .debug_info    0x00000315     0x16ac Application/User/SSD1331.o
 .debug_info    0x000019c1      0xffd Application/User/main.o
 .debug_info    0x000029be      0xbbd Application/User/stm32f4xx_hal_msp.o
 .debug_info    0x0000357b      0x146 Application/User/stm32f4xx_it.o
 .debug_info    0x000036c1      0x52a Drivers/CMSIS/system_stm32f4xx.o
 .debug_info    0x00003beb      0x874 Drivers/STM32F4xx_HAL_Driver/stm32f4xx_hal.o
 .debug_info    0x0000445f      0xdef Drivers/STM32F4xx_HAL_Driver/stm32f4xx_hal_cortex.o
 .debug_info    0x0000524e      0x75a Drivers/STM32F4xx_HAL_Driver/stm32f4xx_hal_gpio.o
 .debug_info    0x000059a8      0xcc1 Drivers/STM32F4xx_HAL_Driver/stm32f4xx_hal_rcc.o
 .debug_info    0x00006669     0x1834 Drivers/STM32F4xx_HAL_Driver/stm32f4xx_hal_spi.o

.debug_abbrev   0x00000000     0x175a
 .debug_abbrev  0x00000000       0x12 Application/SW4STM32/startup_stm32f411xe.o
 .debug_abbrev  0x00000012       0x89 Application/User/Fonts.o
 .debug_abbrev  0x0000009b      0x2db Application/User/SSD1331.o
 .debug_abbrev  0x00000376      0x287 Application/User/main.o
 .debug_abbrev  0x000005fd      0x1ac Application/User/stm32f4xx_hal_msp.o
 .debug_abbrev  0x000007a9       0xe3 Application/User/stm32f4xx_it.o
 .debug_abbrev  0x0000088c      0x104 Drivers/CMSIS/system_stm32f4xx.o
 .debug_abbrev  0x00000990      0x272 Drivers/STM32F4xx_HAL_Driver/stm32f4xx_hal.o
 .debug_abbrev  0x00000c02      0x332 Drivers/STM32F4xx_HAL_Driver/stm32f4xx_hal_cortex.o
 .debug_abbrev  0x00000f34      0x1cb Drivers/STM32F4xx_HAL_Driver/stm32f4xx_hal_gpio.o
 .debug_abbrev  0x000010ff      0x321 Drivers/STM32F4xx_HAL_Driver/stm32f4xx_hal_rcc.o
 .debug_abbrev  0x00001420      0x33a Drivers/STM32F4xx_HAL_Driver/stm32f4xx_hal_spi.o

.debug_aranges  0x00000000      0x520
 .debug_aranges
                0x00000000       0x28 Application/SW4STM32/startup_stm32f411xe.o
 .debug_aranges
                0x00000028       0x18 Application/User/Fonts.o
 .debug_aranges
                0x00000040       0x98 Application/User/SSD1331.o
 .debug_aranges
                0x000000d8       0x30 Application/User/main.o
 .debug_aranges
                0x00000108       0x30 Application/User/stm32f4xx_hal_msp.o
 .debug_aranges
                0x00000138       0x48 Application/User/stm32f4xx_it.o
 .debug_aranges
                0x00000180       0x28 Drivers/CMSIS/system_stm32f4xx.o
 .debug_aranges
                0x000001a8       0xb8 Drivers/STM32F4xx_HAL_Driver/stm32f4xx_hal.o
 .debug_aranges
                0x00000260       0x98 Drivers/STM32F4xx_HAL_Driver/stm32f4xx_hal_cortex.o
 .debug_aranges
                0x000002f8       0x58 Drivers/STM32F4xx_HAL_Driver/stm32f4xx_hal_gpio.o
 .debug_aranges
                0x00000350       0x80 Drivers/STM32F4xx_HAL_Driver/stm32f4xx_hal_rcc.o
 .debug_aranges
                0x000003d0      0x150 Drivers/STM32F4xx_HAL_Driver/stm32f4xx_hal_spi.o

.debug_ranges   0x00000000      0x6e8
 .debug_ranges  0x00000000       0x20 Application/SW4STM32/startup_stm32f411xe.o
 .debug_ranges  0x00000020       0xa0 Application/User/SSD1331.o
 .debug_ranges  0x000000c0       0x78 Application/User/main.o
 .debug_ranges  0x00000138       0x40 Application/User/stm32f4xx_hal_msp.o
 .debug_ranges  0x00000178       0x38 Application/User/stm32f4xx_it.o
 .debug_ranges  0x000001b0       0x18 Drivers/CMSIS/system_stm32f4xx.o
 .debug_ranges  0x000001c8       0xa8 Drivers/STM32F4xx_HAL_Driver/stm32f4xx_hal.o
 .debug_ranges  0x00000270      0x148 Drivers/STM32F4xx_HAL_Driver/stm32f4xx_hal_cortex.o
 .debug_ranges  0x000003b8       0x70 Drivers/STM32F4xx_HAL_Driver/stm32f4xx_hal_gpio.o
 .debug_ranges  0x00000428      0x150 Drivers/STM32F4xx_HAL_Driver/stm32f4xx_hal_rcc.o
 .debug_ranges  0x00000578      0x170 Drivers/STM32F4xx_HAL_Driver/stm32f4xx_hal_spi.o

.debug_macro    0x00000000    0x15cc7
 .debug_macro   0x00000000      0x333 Application/User/Fonts.o
 .debug_macro   0x00000333      0x89e Application/User/Fonts.o
 .debug_macro   0x00000bd1       0x2e Application/User/Fonts.o
 .debug_macro   0x00000bff      0x179 Application/User/Fonts.o
 .debug_macro   0x00000d78       0x33 Application/User/Fonts.o
 .debug_macro   0x00000dab       0x28 Application/User/Fonts.o
 .debug_macro   0x00000dd3       0x22 Application/User/Fonts.o
 .debug_macro   0x00000df5       0x87 Application/User/Fonts.o
 .debug_macro   0x00000e7c       0x44 Application/User/Fonts.o
 .debug_macro   0x00000ec0       0xfd Application/User/Fonts.o
 .debug_macro   0x00000fbd       0x5e Application/User/Fonts.o
 .debug_macro   0x0000101b      0x1df Application/User/Fonts.o
 .debug_macro   0x000011fa       0x35 Application/User/Fonts.o
 .debug_macro   0x0000122f       0x50 Application/User/Fonts.o
 .debug_macro   0x0000127f      0xe66 Application/User/Fonts.o
 .debug_macro   0x000020e5     0xb857 Application/User/Fonts.o
 .debug_macro   0x0000d93c       0x43 Application/User/Fonts.o
 .debug_macro   0x0000d97f     0x347f Application/User/Fonts.o
 .debug_macro   0x00010dfe       0x52 Application/User/Fonts.o
 .debug_macro   0x00010e50       0x35 Application/User/Fonts.o
 .debug_macro   0x00010e85       0x9c Application/User/Fonts.o
 .debug_macro   0x00010f21       0x16 Application/User/Fonts.o
 .debug_macro   0x00010f37       0x97 Application/User/Fonts.o
 .debug_macro   0x00010fce      0x30d Application/User/Fonts.o
 .debug_macro   0x000112db       0xfd Application/User/Fonts.o
 .debug_macro   0x000113d8       0x10 Application/User/Fonts.o
 .debug_macro   0x000113e8       0x52 Application/User/Fonts.o
 .debug_macro   0x0001143a       0x1f Application/User/Fonts.o
 .debug_macro   0x00011459       0x43 Application/User/Fonts.o
 .debug_macro   0x0001149c       0x20 Application/User/Fonts.o
 .debug_macro   0x000114bc      0x187 Application/User/Fonts.o
 .debug_macro   0x00011643       0x10 Application/User/Fonts.o
 .debug_macro   0x00011653       0x1c Application/User/Fonts.o
 .debug_macro   0x0001166f       0x52 Application/User/Fonts.o
 .debug_macro   0x000116c1       0x40 Application/User/Fonts.o
 .debug_macro   0x00011701       0x10 Application/User/Fonts.o
 .debug_macro   0x00011711       0x40 Application/User/Fonts.o
 .debug_macro   0x00011751       0xd7 Application/User/Fonts.o
 .debug_macro   0x00011828       0x16 Application/User/Fonts.o
 .debug_macro   0x0001183e      0x18b Application/User/Fonts.o
 .debug_macro   0x000119c9       0x50 Application/User/Fonts.o
 .debug_macro   0x00011a19      0x45c Application/User/Fonts.o
 .debug_macro   0x00011e75      0x9e1 Application/User/Fonts.o
 .debug_macro   0x00012856      0x11e Application/User/Fonts.o
 .debug_macro   0x00012974      0x11b Application/User/Fonts.o
 .debug_macro   0x00012a8f       0x27 Application/User/Fonts.o
 .debug_macro   0x00012ab6      0x287 Application/User/Fonts.o
 .debug_macro   0x00012d3d       0x5f Application/User/Fonts.o
 .debug_macro   0x00012d9c      0x23a Application/User/Fonts.o
 .debug_macro   0x00012fd6      0x13a Application/User/Fonts.o
 .debug_macro   0x00013110      0x264 Application/User/Fonts.o
 .debug_macro   0x00013374       0x2e Application/User/Fonts.o
 .debug_macro   0x000133a2      0x11e Application/User/Fonts.o
 .debug_macro   0x000134c0       0x85 Application/User/Fonts.o
 .debug_macro   0x00013545       0x89 Application/User/Fonts.o
 .debug_macro   0x000135ce      0x202 Application/User/Fonts.o
 .debug_macro   0x000137d0      0x11e Application/User/Fonts.o
 .debug_macro   0x000138ee       0x40 Application/User/Fonts.o
 .debug_macro   0x0001392e       0x22 Application/User/Fonts.o
 .debug_macro   0x00013950       0x28 Application/User/Fonts.o
 .debug_macro   0x00013978       0x2e Application/User/Fonts.o
 .debug_macro   0x000139a6      0x495 Application/User/SSD1331.o
 .debug_macro   0x00013e3b      0x1e1 Application/User/SSD1331.o
 .debug_macro   0x0001401c       0x16 Application/User/SSD1331.o
 .debug_macro   0x00014032       0x35 Application/User/SSD1331.o
 .debug_macro   0x00014067       0x16 Application/User/SSD1331.o
 .debug_macro   0x0001407d       0x29 Application/User/SSD1331.o
 .debug_macro   0x000140a6       0x16 Application/User/SSD1331.o
 .debug_macro   0x000140bc      0x389 Application/User/main.o
 .debug_macro   0x00014445      0x2f5 Application/User/stm32f4xx_hal_msp.o
 .debug_macro   0x0001473a      0x2ff Application/User/stm32f4xx_it.o
 .debug_macro   0x00014a39      0x2fb Drivers/CMSIS/system_stm32f4xx.o
 .debug_macro   0x00014d34      0x355 Drivers/STM32F4xx_HAL_Driver/stm32f4xx_hal.o
 .debug_macro   0x00015089      0x2f5 Drivers/STM32F4xx_HAL_Driver/stm32f4xx_hal_cortex.o
 .debug_macro   0x0001537e      0x32d Drivers/STM32F4xx_HAL_Driver/stm32f4xx_hal_gpio.o
 .debug_macro   0x000156ab      0x31f Drivers/STM32F4xx_HAL_Driver/stm32f4xx_hal_rcc.o
 .debug_macro   0x000159ca      0x2fd Drivers/STM32F4xx_HAL_Driver/stm32f4xx_hal_spi.o

.debug_str      0x00000000    0x8005b
 .debug_str     0x00000000    0x7d0ba Application/User/Fonts.o
                              0x7d349 (size before relaxing)
 .debug_str     0x0007d0ba     0x13df Application/User/SSD1331.o
                              0x7e718 (size before relaxing)
 .debug_str     0x0007e499      0x75b Application/User/main.o
                              0x7e8c6 (size before relaxing)
 .debug_str     0x0007ebf4       0xb4 Application/User/stm32f4xx_hal_msp.o
                              0x7d904 (size before relaxing)
 .debug_str     0x0007eca8       0xeb Application/User/stm32f4xx_it.o
                              0x7cfb7 (size before relaxing)
 .debug_str     0x0007ed93      0x116 Drivers/CMSIS/system_stm32f4xx.o
                              0x7d124 (size before relaxing)
 .debug_str     0x0007eea9      0x57c Drivers/STM32F4xx_HAL_Driver/stm32f4xx_hal.o
                              0x7da75 (size before relaxing)
 .debug_str     0x0007f425      0x34c Drivers/STM32F4xx_HAL_Driver/stm32f4xx_hal_cortex.o
                              0x7d808 (size before relaxing)
 .debug_str     0x0007f771      0x275 Drivers/STM32F4xx_HAL_Driver/stm32f4xx_hal_gpio.o
                              0x7d39c (size before relaxing)
 .debug_str     0x0007f9e6      0x257 Drivers/STM32F4xx_HAL_Driver/stm32f4xx_hal_rcc.o
                              0x7d52b (size before relaxing)
 .debug_str     0x0007fc3d      0x41e Drivers/STM32F4xx_HAL_Driver/stm32f4xx_hal_spi.o
                              0x7d7cc (size before relaxing)

.comment        0x00000000       0x6e
 .comment       0x00000000       0x6e Application/User/Fonts.o
                                 0x6f (size before relaxing)
 .comment       0x0000006e       0x6f Application/User/SSD1331.o
 .comment       0x0000006e       0x6f Application/User/main.o
 .comment       0x0000006e       0x6f Application/User/stm32f4xx_hal_msp.o
 .comment       0x0000006e       0x6f Application/User/stm32f4xx_it.o
 .comment       0x0000006e       0x6f Drivers/CMSIS/system_stm32f4xx.o
 .comment       0x0000006e       0x6f Drivers/STM32F4xx_HAL_Driver/stm32f4xx_hal.o
 .comment       0x0000006e       0x6f Drivers/STM32F4xx_HAL_Driver/stm32f4xx_hal_cortex.o
 .comment       0x0000006e       0x6f Drivers/STM32F4xx_HAL_Driver/stm32f4xx_hal_gpio.o
 .comment       0x0000006e       0x6f Drivers/STM32F4xx_HAL_Driver/stm32f4xx_hal_rcc.o
 .comment       0x0000006e       0x6f Drivers/STM32F4xx_HAL_Driver/stm32f4xx_hal_spi.o

.debug_loc      0x00000000     0x349e
 .debug_loc     0x00000000      0xf23 Application/User/SSD1331.o
 .debug_loc     0x00000f23       0x4d Application/User/stm32f4xx_hal_msp.o
 .debug_loc     0x00000f70       0xd7 Drivers/CMSIS/system_stm32f4xx.o
 .debug_loc     0x00001047       0x92 Drivers/STM32F4xx_HAL_Driver/stm32f4xx_hal.o
 .debug_loc     0x000010d9      0x4ab Drivers/STM32F4xx_HAL_Driver/stm32f4xx_hal_cortex.o
 .debug_loc     0x00001584      0x370 Drivers/STM32F4xx_HAL_Driver/stm32f4xx_hal_gpio.o
 .debug_loc     0x000018f4      0x485 Drivers/STM32F4xx_HAL_Driver/stm32f4xx_hal_rcc.o
 .debug_loc     0x00001d79     0x1725 Drivers/STM32F4xx_HAL_Driver/stm32f4xx_hal_spi.o

.debug_frame    0x00000000      0xd7c
 .debug_frame   0x00000000      0x278 Application/User/SSD1331.o
 .debug_frame   0x00000278       0x58 Application/User/main.o
 .debug_frame   0x000002d0       0x54 Application/User/stm32f4xx_hal_msp.o
 .debug_frame   0x00000324       0xac Application/User/stm32f4xx_it.o
 .debug_frame   0x000003d0       0x30 Drivers/CMSIS/system_stm32f4xx.o
 .debug_frame   0x00000400      0x184 Drivers/STM32F4xx_HAL_Driver/stm32f4xx_hal.o
 .debug_frame   0x00000584      0x130 Drivers/STM32F4xx_HAL_Driver/stm32f4xx_hal_cortex.o
 .debug_frame   0x000006b4       0xd4 Drivers/STM32F4xx_HAL_Driver/stm32f4xx_hal_gpio.o
 .debug_frame   0x00000788      0x138 Drivers/STM32F4xx_HAL_Driver/stm32f4xx_hal_rcc.o
 .debug_frame   0x000008c0      0x490 Drivers/STM32F4xx_HAL_Driver/stm32f4xx_hal_spi.o
 .debug_frame   0x00000d50       0x2c c:/users/bartosz/.p2/pool/plugins/fr.ac6.mcu.externaltools.arm-none.win32_1.13.1.201701200843/tools/compiler/bin/../lib/gcc/arm-none-eabi/5.4.1/../../../../arm-none-eabi/lib/armv7e-m/fpu\libc_nano.a(lib_a-init.o)
